Archive member included to satisfy reference by file (symbol)

/Users/zeroisone/Downloads/gcc-arm-none-eabi-9-2019-q4-major/bin/../lib/gcc/arm-none-eabi/9.2.1/thumb/v7-m/nofp/libgcc.a(_arm_muldf3.o)
                              CMakeFiles/intellikeeper_tag.elf.dir/Drivers/MPU6050/move_detect.c.obj (__aeabi_dmul)
/Users/zeroisone/Downloads/gcc-arm-none-eabi-9-2019-q4-major/bin/../lib/gcc/arm-none-eabi/9.2.1/thumb/v7-m/nofp/libgcc.a(_arm_addsubdf3.o)
                              CMakeFiles/intellikeeper_tag.elf.dir/Drivers/MPU6050/move_detect.c.obj (__aeabi_dsub)
/Users/zeroisone/Downloads/gcc-arm-none-eabi-9-2019-q4-major/bin/../lib/gcc/arm-none-eabi/9.2.1/thumb/v7-m/nofp/libgcc.a(_arm_muldivdf3.o)
                              CMakeFiles/intellikeeper_tag.elf.dir/Drivers/MPU6050/move_detect.c.obj (__aeabi_ddiv)
/Users/zeroisone/Downloads/gcc-arm-none-eabi-9-2019-q4-major/bin/../lib/gcc/arm-none-eabi/9.2.1/thumb/v7-m/nofp/libgcc.a(_arm_cmpdf2.o)
                              CMakeFiles/intellikeeper_tag.elf.dir/Drivers/MPU6050/move_detect.c.obj (__aeabi_dcmple)
/Users/zeroisone/Downloads/gcc-arm-none-eabi-9-2019-q4-major/bin/../lib/gcc/arm-none-eabi/9.2.1/thumb/v7-m/nofp/libgcc.a(_arm_addsubsf3.o)
                              CMakeFiles/intellikeeper_tag.elf.dir/Drivers/MPU6050/sd_hal_mpu6050.c.obj (__aeabi_fadd)
/Users/zeroisone/Downloads/gcc-arm-none-eabi-9-2019-q4-major/bin/../lib/gcc/arm-none-eabi/9.2.1/thumb/v7-m/nofp/libgcc.a(_arm_muldivsf3.o)
                              CMakeFiles/intellikeeper_tag.elf.dir/Drivers/MPU6050/sd_hal_mpu6050.c.obj (__aeabi_fdiv)
/Users/zeroisone/Downloads/gcc-arm-none-eabi-9-2019-q4-major/bin/../lib/gcc/arm-none-eabi/9.2.1/../../../../arm-none-eabi/lib/thumb/v7-m/nofp/libg_nano.a(lib_a-errno.o)
                              CMakeFiles/intellikeeper_tag.elf.dir/Src/syscalls.c.obj (__errno)
/Users/zeroisone/Downloads/gcc-arm-none-eabi-9-2019-q4-major/bin/../lib/gcc/arm-none-eabi/9.2.1/../../../../arm-none-eabi/lib/thumb/v7-m/nofp/libg_nano.a(lib_a-exit.o)
                              /Users/zeroisone/Downloads/gcc-arm-none-eabi-9-2019-q4-major/bin/../lib/gcc/arm-none-eabi/9.2.1/../../../../arm-none-eabi/lib/thumb/v7-m/nofp/crt0.o (exit)
/Users/zeroisone/Downloads/gcc-arm-none-eabi-9-2019-q4-major/bin/../lib/gcc/arm-none-eabi/9.2.1/../../../../arm-none-eabi/lib/thumb/v7-m/nofp/libg_nano.a(lib_a-impure.o)
                              /Users/zeroisone/Downloads/gcc-arm-none-eabi-9-2019-q4-major/bin/../lib/gcc/arm-none-eabi/9.2.1/../../../../arm-none-eabi/lib/thumb/v7-m/nofp/libg_nano.a(lib_a-exit.o) (_global_impure_ptr)
/Users/zeroisone/Downloads/gcc-arm-none-eabi-9-2019-q4-major/bin/../lib/gcc/arm-none-eabi/9.2.1/../../../../arm-none-eabi/lib/thumb/v7-m/nofp/libg_nano.a(lib_a-init.o)
                              /Users/zeroisone/Downloads/gcc-arm-none-eabi-9-2019-q4-major/bin/../lib/gcc/arm-none-eabi/9.2.1/../../../../arm-none-eabi/lib/thumb/v7-m/nofp/crt0.o (__libc_init_array)
/Users/zeroisone/Downloads/gcc-arm-none-eabi-9-2019-q4-major/bin/../lib/gcc/arm-none-eabi/9.2.1/../../../../arm-none-eabi/lib/thumb/v7-m/nofp/libg_nano.a(lib_a-memset.o)
                              /Users/zeroisone/Downloads/gcc-arm-none-eabi-9-2019-q4-major/bin/../lib/gcc/arm-none-eabi/9.2.1/../../../../arm-none-eabi/lib/thumb/v7-m/nofp/crt0.o (memset)

Discarded input sections

 .text          0x0000000000000000        0x0 /Users/zeroisone/Downloads/gcc-arm-none-eabi-9-2019-q4-major/bin/../lib/gcc/arm-none-eabi/9.2.1/thumb/v7-m/nofp/crti.o
 .data          0x0000000000000000        0x0 /Users/zeroisone/Downloads/gcc-arm-none-eabi-9-2019-q4-major/bin/../lib/gcc/arm-none-eabi/9.2.1/thumb/v7-m/nofp/crti.o
 .bss           0x0000000000000000        0x0 /Users/zeroisone/Downloads/gcc-arm-none-eabi-9-2019-q4-major/bin/../lib/gcc/arm-none-eabi/9.2.1/thumb/v7-m/nofp/crti.o
 .data          0x0000000000000000        0x4 /Users/zeroisone/Downloads/gcc-arm-none-eabi-9-2019-q4-major/bin/../lib/gcc/arm-none-eabi/9.2.1/thumb/v7-m/nofp/crtbegin.o
 .text          0x0000000000000000       0x74 /Users/zeroisone/Downloads/gcc-arm-none-eabi-9-2019-q4-major/bin/../lib/gcc/arm-none-eabi/9.2.1/../../../../arm-none-eabi/lib/thumb/v7-m/nofp/crt0.o
 .data          0x0000000000000000        0x0 /Users/zeroisone/Downloads/gcc-arm-none-eabi-9-2019-q4-major/bin/../lib/gcc/arm-none-eabi/9.2.1/../../../../arm-none-eabi/lib/thumb/v7-m/nofp/crt0.o
 .bss           0x0000000000000000        0x0 /Users/zeroisone/Downloads/gcc-arm-none-eabi-9-2019-q4-major/bin/../lib/gcc/arm-none-eabi/9.2.1/../../../../arm-none-eabi/lib/thumb/v7-m/nofp/crt0.o
 .ARM.extab     0x0000000000000000        0x0 /Users/zeroisone/Downloads/gcc-arm-none-eabi-9-2019-q4-major/bin/../lib/gcc/arm-none-eabi/9.2.1/../../../../arm-none-eabi/lib/thumb/v7-m/nofp/crt0.o
 .ARM.exidx     0x0000000000000000        0x8 /Users/zeroisone/Downloads/gcc-arm-none-eabi-9-2019-q4-major/bin/../lib/gcc/arm-none-eabi/9.2.1/../../../../arm-none-eabi/lib/thumb/v7-m/nofp/crt0.o
[...]
Memory Configuration

Name             Origin             Length             Attributes
RAM              0x0000000020000000 0x0000000000005000 xrw
FLASH            0x0000000008000000 0x0000000000010000 xr
*default*        0x0000000000000000 0xffffffffffffffff

Linker script and memory map

LOAD /Users/zeroisone/Downloads/gcc-arm-none-eabi-9-2019-q4-major/bin/../lib/gcc/arm-none-eabi/9.2.1/thumb/v7-m/nofp/crti.o
LOAD /Users/zeroisone/Downloads/gcc-arm-none-eabi-9-2019-q4-major/bin/../lib/gcc/arm-none-eabi/9.2.1/thumb/v7-m/nofp/crtbegin.o
LOAD /Users/zeroisone/Downloads/gcc-arm-none-eabi-9-2019-q4-major/bin/../lib/gcc/arm-none-eabi/9.2.1/../../../../arm-none-eabi/lib/thumb/v7-m/nofp/crt0.o
LOAD CMakeFiles/intellikeeper_tag.elf.dir/Drivers/MPU6050/move_detect.c.obj
LOAD CMakeFiles/intellikeeper_tag.elf.dir/Drivers/MPU6050/sd_hal_mpu6050.c.obj
LOAD CMakeFiles/intellikeeper_tag.elf.dir/Drivers/STM32F1xx_HAL_Driver/Src/stm32f1xx_hal.c.obj
LOAD CMakeFiles/intellikeeper_tag.elf.dir/Drivers/STM32F1xx_HAL_Driver/Src/stm32f1xx_hal_cortex.c.obj
LOAD CMakeFiles/intellikeeper_tag.elf.dir/Drivers/STM32F1xx_HAL_Driver/Src/stm32f1xx_hal_dma.c.obj
LOAD CMakeFiles/intellikeeper_tag.elf.dir/Drivers/STM32F1xx_HAL_Driver/Src/stm32f1xx_hal_exti.c.obj
LOAD CMakeFiles/intellikeeper_tag.elf.dir/Drivers/STM32F1xx_HAL_Driver/Src/stm32f1xx_hal_flash.c.obj
LOAD CMakeFiles/intellikeeper_tag.elf.dir/Drivers/STM32F1xx_HAL_Driver/Src/stm32f1xx_hal_flash_ex.c.obj
LOAD CMakeFiles/intellikeeper_tag.elf.dir/Drivers/STM32F1xx_HAL_Driver/Src/stm32f1xx_hal_gpio.c.obj
LOAD CMakeFiles/intellikeeper_tag.elf.dir/Drivers/STM32F1xx_HAL_Driver/Src/stm32f1xx_hal_gpio_ex.c.obj
LOAD CMakeFiles/intellikeeper_tag.elf.dir/Drivers/STM32F1xx_HAL_Driver/Src/stm32f1xx_hal_i2c.c.obj
LOAD CMakeFiles/intellikeeper_tag.elf.dir/Drivers/STM32F1xx_HAL_Driver/Src/stm32f1xx_hal_pwr.c.obj
LOAD CMakeFiles/intellikeeper_tag.elf.dir/Drivers/STM32F1xx_HAL_Driver/Src/stm32f1xx_hal_rcc.c.obj
LOAD CMakeFiles/intellikeeper_tag.elf.dir/Drivers/STM32F1xx_HAL_Driver/Src/stm32f1xx_hal_rcc_ex.c.obj
LOAD CMakeFiles/intellikeeper_tag.elf.dir/Drivers/STM32F1xx_HAL_Driver/Src/stm32f1xx_hal_tim.c.obj
LOAD CMakeFiles/intellikeeper_tag.elf.dir/Drivers/STM32F1xx_HAL_Driver/Src/stm32f1xx_hal_tim_ex.c.obj
LOAD CMakeFiles/intellikeeper_tag.elf.dir/Drivers/STM32F1xx_HAL_Driver/Src/stm32f1xx_hal_uart.c.obj
LOAD CMakeFiles/intellikeeper_tag.elf.dir/Drivers/Zigbee/zigbee.c.obj
LOAD CMakeFiles/intellikeeper_tag.elf.dir/Src/gpio.c.obj
LOAD CMakeFiles/intellikeeper_tag.elf.dir/Src/i2c.c.obj
LOAD CMakeFiles/intellikeeper_tag.elf.dir/Src/intellikeeper.c.obj
LOAD CMakeFiles/intellikeeper_tag.elf.dir/Src/main.c.obj
LOAD CMakeFiles/intellikeeper_tag.elf.dir/Src/stm32f1xx_hal_msp.c.obj
LOAD CMakeFiles/intellikeeper_tag.elf.dir/Src/stm32f1xx_it.c.obj
LOAD CMakeFiles/intellikeeper_tag.elf.dir/Src/syscalls.c.obj
LOAD CMakeFiles/intellikeeper_tag.elf.dir/Src/system_stm32f1xx.c.obj
LOAD CMakeFiles/intellikeeper_tag.elf.dir/Src/tim.c.obj
LOAD CMakeFiles/intellikeeper_tag.elf.dir/Src/usart.c.obj
LOAD CMakeFiles/intellikeeper_tag.elf.dir/startup/startup_stm32f103xb.s.obj
START GROUP
LOAD /Users/zeroisone/Downloads/gcc-arm-none-eabi-9-2019-q4-major/bin/../lib/gcc/arm-none-eabi/9.2.1/thumb/v7-m/nofp/libgcc.a
LOAD /Users/zeroisone/Downloads/gcc-arm-none-eabi-9-2019-q4-major/bin/../lib/gcc/arm-none-eabi/9.2.1/../../../../arm-none-eabi/lib/thumb/v7-m/nofp/libg_nano.a
LOAD /Users/zeroisone/Downloads/gcc-arm-none-eabi-9-2019-q4-major/bin/../lib/gcc/arm-none-eabi/9.2.1/../../../../arm-none-eabi/lib/thumb/v7-m/nofp/libc_nano.a
END GROUP
START GROUP
LOAD /Users/zeroisone/Downloads/gcc-arm-none-eabi-9-2019-q4-major/bin/../lib/gcc/arm-none-eabi/9.2.1/thumb/v7-m/nofp/libgcc.a
LOAD /Users/zeroisone/Downloads/gcc-arm-none-eabi-9-2019-q4-major/bin/../lib/gcc/arm-none-eabi/9.2.1/../../../../arm-none-eabi/lib/thumb/v7-m/nofp/libc_nano.a
LOAD /Users/zeroisone/Downloads/gcc-arm-none-eabi-9-2019-q4-major/bin/../lib/gcc/arm-none-eabi/9.2.1/../../../../arm-none-eabi/lib/thumb/v7-m/nofp/libnosys.a
END GROUP
START GROUP
LOAD /Users/zeroisone/Downloads/gcc-arm-none-eabi-9-2019-q4-major/bin/../lib/gcc/arm-none-eabi/9.2.1/thumb/v7-m/nofp/libgcc.a
LOAD /Users/zeroisone/Downloads/gcc-arm-none-eabi-9-2019-q4-major/bin/../lib/gcc/arm-none-eabi/9.2.1/../../../../arm-none-eabi/lib/thumb/v7-m/nofp/libc_nano.a
LOAD /Users/zeroisone/Downloads/gcc-arm-none-eabi-9-2019-q4-major/bin/../lib/gcc/arm-none-eabi/9.2.1/../../../../arm-none-eabi/lib/thumb/v7-m/nofp/libnosys.a
END GROUP
LOAD /Users/zeroisone/Downloads/gcc-arm-none-eabi-9-2019-q4-major/bin/../lib/gcc/arm-none-eabi/9.2.1/thumb/v7-m/nofp/crtend.o
LOAD /Users/zeroisone/Downloads/gcc-arm-none-eabi-9-2019-q4-major/bin/../lib/gcc/arm-none-eabi/9.2.1/thumb/v7-m/nofp/crtn.o
                0x0000000020005000                _estack = 0x20005000
                0x0000000000000200                _Min_Heap_Size = 0x200
                0x0000000000000400                _Min_Stack_Size = 0x400

.isr_vector     0x0000000008000000      0x10c
                0x0000000008000000                . = ALIGN (0x4)
 *(.isr_vector)
 .isr_vector    0x0000000008000000      0x10c CMakeFiles/intellikeeper_tag.elf.dir/startup/startup_stm32f103xb.s.obj
                0x0000000008000000                g_pfnVectors
                0x000000000800010c                . = ALIGN (0x4)

.text           0x0000000008000110     0x5338
                0x0000000008000110                . = ALIGN (0x4)
 *(.text)
 .text          0x0000000008000110       0x40 /Users/zeroisone/Downloads/gcc-arm-none-eabi-9-2019-q4-major/bin/../lib/gcc/arm-none-eabi/9.2.1/thumb/v7-m/nofp/crtbegin.o
 .text          0x0000000008000150      0x378 /Users/zeroisone/Downloads/gcc-arm-none-eabi-9-2019-q4-major/bin/../lib/gcc/arm-none-eabi/9.2.1/thumb/v7-m/nofp/libgcc.a(_arm_addsubdf3.o)
                0x0000000008000150                __aeabi_drsub
                0x0000000008000158                __subdf3
                0x0000000008000158                __aeabi_dsub
                0x000000000800015c                __aeabi_dadd
                0x000000000800015c                __adddf3
                0x00000000080003d4                __aeabi_ui2d
                0x00000000080003d4                __floatunsidf
                0x00000000080003f4                __floatsidf
                0x00000000080003f4                __aeabi_i2d
                0x0000000008000418                __extendsfdf2
                0x0000000008000418                __aeabi_f2d
                0x000000000800045c                __aeabi_ul2d
                0x000000000800045c                __floatundidf
                0x000000000800046c                __aeabi_l2d
                0x000000000800046c                __floatdidf
 .text          0x00000000080004c8      0x424 /Users/zeroisone/Downloads/gcc-arm-none-eabi-9-2019-q4-major/bin/../lib/gcc/arm-none-eabi/9.2.1/thumb/v7-m/nofp/libgcc.a(_arm_muldivdf3.o)
                0x00000000080004c8                __aeabi_dmul
                0x00000000080004c8                __muldf3
                0x000000000800071c                __aeabi_ddiv
                0x000000000800071c                __divdf3
 .text          0x00000000080008ec      0x110 /Users/zeroisone/Downloads/gcc-arm-none-eabi-9-2019-q4-major/bin/../lib/gcc/arm-none-eabi/9.2.1/thumb/v7-m/nofp/libgcc.a(_arm_cmpdf2.o)
                0x00000000080008ec                __gedf2
                0x00000000080008ec                __gtdf2
                0x00000000080008f4                __ledf2
                0x00000000080008f4                __ltdf2
                0x00000000080008fc                __cmpdf2
                0x00000000080008fc                __eqdf2
                0x00000000080008fc                __nedf2
                0x0000000008000978                __aeabi_cdrcmple
                0x0000000008000988                __aeabi_cdcmple
                0x0000000008000988                __aeabi_cdcmpeq
                0x0000000008000998                __aeabi_dcmpeq
                0x00000000080009ac                __aeabi_dcmplt
                0x00000000080009c0                __aeabi_dcmple
                0x00000000080009d4                __aeabi_dcmpge
                0x00000000080009e8                __aeabi_dcmpgt
 *(.text*)
 .text.RingBuffer_Push
                0x00000000080009fc       0x74 CMakeFiles/intellikeeper_tag.elf.dir/Drivers/MPU6050/move_detect.c.obj
 .text.RingBuffer_Pop
                0x0000000008000a70       0x84 CMakeFiles/intellikeeper_tag.elf.dir/Drivers/MPU6050/move_detect.c.obj
 .text.Move_Next
                0x0000000008000af4      0x244 CMakeFiles/intellikeeper_tag.elf.dir/Drivers/MPU6050/move_detect.c.obj
                0x0000000008000af4                Move_Next
 .text.Move_Update_Stability
                0x0000000008000d38      0x12c CMakeFiles/intellikeeper_tag.elf.dir/Drivers/MPU6050/move_detect.c.obj
                0x0000000008000d38                Move_Update_Stability
 .text.SD_MPU6050_Init
                0x0000000008000e64       0xea CMakeFiles/intellikeeper_tag.elf.dir/Drivers/MPU6050/sd_hal_mpu6050.c.obj
                0x0000000008000e64                SD_MPU6050_Init
 .text.SD_MPU6050_SetDataRate
                0x0000000008000f4e       0x48 CMakeFiles/intellikeeper_tag.elf.dir/Drivers/MPU6050/sd_hal_mpu6050.c.obj
                0x0000000008000f4e                SD_MPU6050_SetDataRate
 *fill*         0x0000000008000f96        0x2 
 .text.SD_MPU6050_SetAccelerometer
                0x0000000008000f98       0xe0 CMakeFiles/intellikeeper_tag.elf.dir/Drivers/MPU6050/sd_hal_mpu6050.c.obj
                0x0000000008000f98                SD_MPU6050_SetAccelerometer
 .text.SD_MPU6050_SetGyroscope
                0x0000000008001078       0xe8 CMakeFiles/intellikeeper_tag.elf.dir/Drivers/MPU6050/sd_hal_mpu6050.c.obj
                0x0000000008001078                SD_MPU6050_SetGyroscope
 .text.SD_MPU6050_ReadAccelerometer
                0x0000000008001160       0x94 CMakeFiles/intellikeeper_tag.elf.dir/Drivers/MPU6050/sd_hal_mpu6050.c.obj
                0x0000000008001160                SD_MPU6050_ReadAccelerometer
 .text.HAL_Init
                0x00000000080011f4       0x2c CMakeFiles/intellikeeper_tag.elf.dir/Drivers/STM32F1xx_HAL_Driver/Src/stm32f1xx_hal.c.obj
                0x00000000080011f4                HAL_Init
 .text.HAL_InitTick
                0x0000000008001220       0x60 CMakeFiles/intellikeeper_tag.elf.dir/Drivers/STM32F1xx_HAL_Driver/Src/stm32f1xx_hal.c.obj
                0x0000000008001220                HAL_InitTick
 .text.HAL_IncTick
                0x0000000008001280       0x24 CMakeFiles/intellikeeper_tag.elf.dir/Drivers/STM32F1xx_HAL_Driver/Src/stm32f1xx_hal.c.obj
                0x0000000008001280                HAL_IncTick
 .text.HAL_GetTick
                0x00000000080012a4       0x14 CMakeFiles/intellikeeper_tag.elf.dir/Drivers/STM32F1xx_HAL_Driver/Src/stm32f1xx_hal.c.obj
                0x00000000080012a4                HAL_GetTick
 .text.HAL_Delay
                0x00000000080012b8       0x48 CMakeFiles/intellikeeper_tag.elf.dir/Drivers/STM32F1xx_HAL_Driver/Src/stm32f1xx_hal.c.obj
                0x00000000080012b8                HAL_Delay
 .text.__NVIC_SetPriorityGrouping
                0x0000000008001300       0x48 CMakeFiles/intellikeeper_tag.elf.dir/Drivers/STM32F1xx_HAL_Driver/Src/stm32f1xx_hal_cortex.c.obj
 .text.__NVIC_GetPriorityGrouping
                0x0000000008001348       0x1c CMakeFiles/intellikeeper_tag.elf.dir/Drivers/STM32F1xx_HAL_Driver/Src/stm32f1xx_hal_cortex.c.obj
 .text.__NVIC_EnableIRQ
                0x0000000008001364       0x38 CMakeFiles/intellikeeper_tag.elf.dir/Drivers/STM32F1xx_HAL_Driver/Src/stm32f1xx_hal_cortex.c.obj
 .text.__NVIC_SetPriority
                0x000000000800139c       0x54 CMakeFiles/intellikeeper_tag.elf.dir/Drivers/STM32F1xx_HAL_Driver/Src/stm32f1xx_hal_cortex.c.obj
 .text.NVIC_EncodePriority
                0x00000000080013f0       0x64 CMakeFiles/intellikeeper_tag.elf.dir/Drivers/STM32F1xx_HAL_Driver/Src/stm32f1xx_hal_cortex.c.obj
 .text.SysTick_Config
                0x0000000008001454       0x44 CMakeFiles/intellikeeper_tag.elf.dir/Drivers/STM32F1xx_HAL_Driver/Src/stm32f1xx_hal_cortex.c.obj
 .text.HAL_NVIC_SetPriorityGrouping
                0x0000000008001498       0x16 CMakeFiles/intellikeeper_tag.elf.dir/Drivers/STM32F1xx_HAL_Driver/Src/stm32f1xx_hal_cortex.c.obj
                0x0000000008001498                HAL_NVIC_SetPriorityGrouping
 .text.HAL_NVIC_SetPriority
                0x00000000080014ae       0x38 CMakeFiles/intellikeeper_tag.elf.dir/Drivers/STM32F1xx_HAL_Driver/Src/stm32f1xx_hal_cortex.c.obj
                0x00000000080014ae                HAL_NVIC_SetPriority
 .text.HAL_NVIC_EnableIRQ
                0x00000000080014e6       0x1c CMakeFiles/intellikeeper_tag.elf.dir/Drivers/STM32F1xx_HAL_Driver/Src/stm32f1xx_hal_cortex.c.obj
                0x00000000080014e6                HAL_NVIC_EnableIRQ
 .text.HAL_SYSTICK_Config
                0x0000000008001502       0x18 CMakeFiles/intellikeeper_tag.elf.dir/Drivers/STM32F1xx_HAL_Driver/Src/stm32f1xx_hal_cortex.c.obj
                0x0000000008001502                HAL_SYSTICK_Config
 *fill*         0x000000000800151a        0x2 
 .text.HAL_DMA_Abort_IT
                0x000000000800151c       0xec CMakeFiles/intellikeeper_tag.elf.dir/Drivers/STM32F1xx_HAL_Driver/Src/stm32f1xx_hal_dma.c.obj
                0x000000000800151c                HAL_DMA_Abort_IT
 .text.HAL_GPIO_Init
                0x0000000008001608      0x308 CMakeFiles/intellikeeper_tag.elf.dir/Drivers/STM32F1xx_HAL_Driver/Src/stm32f1xx_hal_gpio.c.obj
                0x0000000008001608                HAL_GPIO_Init
 .text.HAL_GPIO_ReadPin
                0x0000000008001910       0x2e CMakeFiles/intellikeeper_tag.elf.dir/Drivers/STM32F1xx_HAL_Driver/Src/stm32f1xx_hal_gpio.c.obj
                0x0000000008001910                HAL_GPIO_ReadPin
 .text.HAL_GPIO_WritePin
                0x000000000800193e       0x30 CMakeFiles/intellikeeper_tag.elf.dir/Drivers/STM32F1xx_HAL_Driver/Src/stm32f1xx_hal_gpio.c.obj
                0x000000000800193e                HAL_GPIO_WritePin
 *fill*         0x000000000800196e        0x2 
 .text.HAL_I2C_Init
                0x0000000008001970      0x268 CMakeFiles/intellikeeper_tag.elf.dir/Drivers/STM32F1xx_HAL_Driver/Src/stm32f1xx_hal_i2c.c.obj
                0x0000000008001970                HAL_I2C_Init
 .text.HAL_I2C_Master_Transmit
                0x0000000008001bd8      0x1fc CMakeFiles/intellikeeper_tag.elf.dir/Drivers/STM32F1xx_HAL_Driver/Src/stm32f1xx_hal_i2c.c.obj
                0x0000000008001bd8                HAL_I2C_Master_Transmit
 .text.HAL_I2C_Master_Receive
                0x0000000008001dd4      0x468 CMakeFiles/intellikeeper_tag.elf.dir/Drivers/STM32F1xx_HAL_Driver/Src/stm32f1xx_hal_i2c.c.obj
                0x0000000008001dd4                HAL_I2C_Master_Receive
 .text.HAL_I2C_IsDeviceReady
                0x000000000800223c      0x244 CMakeFiles/intellikeeper_tag.elf.dir/Drivers/STM32F1xx_HAL_Driver/Src/stm32f1xx_hal_i2c.c.obj
                0x000000000800223c                HAL_I2C_IsDeviceReady
 .text.I2C_MasterRequestWrite
                0x0000000008002480       0xec CMakeFiles/intellikeeper_tag.elf.dir/Drivers/STM32F1xx_HAL_Driver/Src/stm32f1xx_hal_i2c.c.obj
 .text.I2C_MasterRequestRead
                0x000000000800256c      0x16c CMakeFiles/intellikeeper_tag.elf.dir/Drivers/STM32F1xx_HAL_Driver/Src/stm32f1xx_hal_i2c.c.obj
 .text.I2C_WaitOnFlagUntilTimeout
                0x00000000080026d8       0xae CMakeFiles/intellikeeper_tag.elf.dir/Drivers/STM32F1xx_HAL_Driver/Src/stm32f1xx_hal_i2c.c.obj
 .text.I2C_WaitOnMasterAddressFlagUntilTimeout
                0x0000000008002786       0xfe CMakeFiles/intellikeeper_tag.elf.dir/Drivers/STM32F1xx_HAL_Driver/Src/stm32f1xx_hal_i2c.c.obj
 .text.I2C_WaitOnTXEFlagUntilTimeout
                0x0000000008002884       0x82 CMakeFiles/intellikeeper_tag.elf.dir/Drivers/STM32F1xx_HAL_Driver/Src/stm32f1xx_hal_i2c.c.obj
 .text.I2C_WaitOnBTFFlagUntilTimeout
                0x0000000008002906       0x82 CMakeFiles/intellikeeper_tag.elf.dir/Drivers/STM32F1xx_HAL_Driver/Src/stm32f1xx_hal_i2c.c.obj
 .text.I2C_WaitOnRXNEFlagUntilTimeout
                0x0000000008002988       0xac CMakeFiles/intellikeeper_tag.elf.dir/Drivers/STM32F1xx_HAL_Driver/Src/stm32f1xx_hal_i2c.c.obj
 .text.I2C_IsAcknowledgeFailed
                0x0000000008002a34       0x5c CMakeFiles/intellikeeper_tag.elf.dir/Drivers/STM32F1xx_HAL_Driver/Src/stm32f1xx_hal_i2c.c.obj
 .text.HAL_RCC_OscConfig
                0x0000000008002a90      0x500 CMakeFiles/intellikeeper_tag.elf.dir/Drivers/STM32F1xx_HAL_Driver/Src/stm32f1xx_hal_rcc.c.obj
                0x0000000008002a90                HAL_RCC_OscConfig
 .text.HAL_RCC_ClockConfig
                0x0000000008002f90      0x1d4 CMakeFiles/intellikeeper_tag.elf.dir/Drivers/STM32F1xx_HAL_Driver/Src/stm32f1xx_hal_rcc.c.obj
                0x0000000008002f90                HAL_RCC_ClockConfig
 .text.HAL_RCC_GetSysClockFreq
                0x0000000008003164       0xc0 CMakeFiles/intellikeeper_tag.elf.dir/Drivers/STM32F1xx_HAL_Driver/Src/stm32f1xx_hal_rcc.c.obj
                0x0000000008003164                HAL_RCC_GetSysClockFreq
 .text.HAL_RCC_GetHCLKFreq
                0x0000000008003224       0x14 CMakeFiles/intellikeeper_tag.elf.dir/Drivers/STM32F1xx_HAL_Driver/Src/stm32f1xx_hal_rcc.c.obj
                0x0000000008003224                HAL_RCC_GetHCLKFreq
 .text.HAL_RCC_GetPCLK1Freq
                0x0000000008003238       0x28 CMakeFiles/intellikeeper_tag.elf.dir/Drivers/STM32F1xx_HAL_Driver/Src/stm32f1xx_hal_rcc.c.obj
                0x0000000008003238                HAL_RCC_GetPCLK1Freq
 .text.HAL_RCC_GetPCLK2Freq
                0x0000000008003260       0x28 CMakeFiles/intellikeeper_tag.elf.dir/Drivers/STM32F1xx_HAL_Driver/Src/stm32f1xx_hal_rcc.c.obj
                0x0000000008003260                HAL_RCC_GetPCLK2Freq
 .text.RCC_Delay
                0x0000000008003288       0x3c CMakeFiles/intellikeeper_tag.elf.dir/Drivers/STM32F1xx_HAL_Driver/Src/stm32f1xx_hal_rcc.c.obj
 .text.HAL_TIM_Base_Init
                0x00000000080032c4       0x56 CMakeFiles/intellikeeper_tag.elf.dir/Drivers/STM32F1xx_HAL_Driver/Src/stm32f1xx_hal_tim.c.obj
                0x00000000080032c4                HAL_TIM_Base_Init
 .text.HAL_TIM_Base_Start
                0x000000000800331a       0x46 CMakeFiles/intellikeeper_tag.elf.dir/Drivers/STM32F1xx_HAL_Driver/Src/stm32f1xx_hal_tim.c.obj
                0x000000000800331a                HAL_TIM_Base_Start
 .text.HAL_TIM_Base_Stop
                0x0000000008003360       0x54 CMakeFiles/intellikeeper_tag.elf.dir/Drivers/STM32F1xx_HAL_Driver/Src/stm32f1xx_hal_tim.c.obj
                0x0000000008003360                HAL_TIM_Base_Stop
 .text.HAL_TIM_Base_Start_IT
                0x00000000080033b4       0x46 CMakeFiles/intellikeeper_tag.elf.dir/Drivers/STM32F1xx_HAL_Driver/Src/stm32f1xx_hal_tim.c.obj
                0x00000000080033b4                HAL_TIM_Base_Start_IT
 .text.HAL_TIM_IRQHandler
                0x00000000080033fa      0x210 CMakeFiles/intellikeeper_tag.elf.dir/Drivers/STM32F1xx_HAL_Driver/Src/stm32f1xx_hal_tim.c.obj
                0x00000000080033fa                HAL_TIM_IRQHandler
 .text.HAL_TIM_ConfigClockSource
                0x000000000800360a      0x188 CMakeFiles/intellikeeper_tag.elf.dir/Drivers/STM32F1xx_HAL_Driver/Src/stm32f1xx_hal_tim.c.obj
                0x000000000800360a                HAL_TIM_ConfigClockSource
 .text.HAL_TIM_OC_DelayElapsedCallback
                0x0000000008003792       0x12 CMakeFiles/intellikeeper_tag.elf.dir/Drivers/STM32F1xx_HAL_Driver/Src/stm32f1xx_hal_tim.c.obj
                0x0000000008003792                HAL_TIM_OC_DelayElapsedCallback
 .text.HAL_TIM_IC_CaptureCallback
                0x00000000080037a4       0x12 CMakeFiles/intellikeeper_tag.elf.dir/Drivers/STM32F1xx_HAL_Driver/Src/stm32f1xx_hal_tim.c.obj
                0x00000000080037a4                HAL_TIM_IC_CaptureCallback
 .text.HAL_TIM_PWM_PulseFinishedCallback
                0x00000000080037b6       0x12 CMakeFiles/intellikeeper_tag.elf.dir/Drivers/STM32F1xx_HAL_Driver/Src/stm32f1xx_hal_tim.c.obj
                0x00000000080037b6                HAL_TIM_PWM_PulseFinishedCallback
 .text.HAL_TIM_TriggerCallback
                0x00000000080037c8       0x12 CMakeFiles/intellikeeper_tag.elf.dir/Drivers/STM32F1xx_HAL_Driver/Src/stm32f1xx_hal_tim.c.obj
                0x00000000080037c8                HAL_TIM_TriggerCallback
 *fill*         0x00000000080037da        0x2 
 .text.TIM_Base_SetConfig
                0x00000000080037dc       0xc4 CMakeFiles/intellikeeper_tag.elf.dir/Drivers/STM32F1xx_HAL_Driver/Src/stm32f1xx_hal_tim.c.obj
                0x00000000080037dc                TIM_Base_SetConfig
 .text.TIM_TI1_ConfigInputStage
                0x00000000080038a0       0x5c CMakeFiles/intellikeeper_tag.elf.dir/Drivers/STM32F1xx_HAL_Driver/Src/stm32f1xx_hal_tim.c.obj
 .text.TIM_TI2_ConfigInputStage
                0x00000000080038fc       0x5e CMakeFiles/intellikeeper_tag.elf.dir/Drivers/STM32F1xx_HAL_Driver/Src/stm32f1xx_hal_tim.c.obj
 .text.TIM_ITRx_SetConfig
                0x000000000800395a       0x34 CMakeFiles/intellikeeper_tag.elf.dir/Drivers/STM32F1xx_HAL_Driver/Src/stm32f1xx_hal_tim.c.obj
 .text.TIM_ETR_SetConfig
                0x000000000800398e       0x3e CMakeFiles/intellikeeper_tag.elf.dir/Drivers/STM32F1xx_HAL_Driver/Src/stm32f1xx_hal_tim.c.obj
                0x000000000800398e                TIM_ETR_SetConfig
 .text.HAL_TIMEx_MasterConfigSynchronization
                0x00000000080039cc       0x88 CMakeFiles/intellikeeper_tag.elf.dir/Drivers/STM32F1xx_HAL_Driver/Src/stm32f1xx_hal_tim_ex.c.obj
                0x00000000080039cc                HAL_TIMEx_MasterConfigSynchronization
 .text.HAL_TIMEx_CommutCallback
                0x0000000008003a54       0x12 CMakeFiles/intellikeeper_tag.elf.dir/Drivers/STM32F1xx_HAL_Driver/Src/stm32f1xx_hal_tim_ex.c.obj
                0x0000000008003a54                HAL_TIMEx_CommutCallback
 .text.HAL_TIMEx_BreakCallback
                0x0000000008003a66       0x12 CMakeFiles/intellikeeper_tag.elf.dir/Drivers/STM32F1xx_HAL_Driver/Src/stm32f1xx_hal_tim_ex.c.obj
                0x0000000008003a66                HAL_TIMEx_BreakCallback
 .text.HAL_UART_Init
                0x0000000008003a78       0x9a CMakeFiles/intellikeeper_tag.elf.dir/Drivers/STM32F1xx_HAL_Driver/Src/stm32f1xx_hal_uart.c.obj
                0x0000000008003a78                HAL_UART_Init
 .text.HAL_UART_Transmit
                0x0000000008003b12      0x132 CMakeFiles/intellikeeper_tag.elf.dir/Drivers/STM32F1xx_HAL_Driver/Src/stm32f1xx_hal_uart.c.obj
                0x0000000008003b12                HAL_UART_Transmit
 .text.HAL_UART_Receive
                0x0000000008003c44      0x14c CMakeFiles/intellikeeper_tag.elf.dir/Drivers/STM32F1xx_HAL_Driver/Src/stm32f1xx_hal_uart.c.obj
                0x0000000008003c44                HAL_UART_Receive
 .text.HAL_UART_IRQHandler
                0x0000000008003d90      0x1f4 CMakeFiles/intellikeeper_tag.elf.dir/Drivers/STM32F1xx_HAL_Driver/Src/stm32f1xx_hal_uart.c.obj
                0x0000000008003d90                HAL_UART_IRQHandler
 .text.HAL_UART_TxCpltCallback
                0x0000000008003f84       0x12 CMakeFiles/intellikeeper_tag.elf.dir/Drivers/STM32F1xx_HAL_Driver/Src/stm32f1xx_hal_uart.c.obj
                0x0000000008003f84                HAL_UART_TxCpltCallback
 .text.HAL_UART_RxCpltCallback
                0x0000000008003f96       0x12 CMakeFiles/intellikeeper_tag.elf.dir/Drivers/STM32F1xx_HAL_Driver/Src/stm32f1xx_hal_uart.c.obj
                0x0000000008003f96                HAL_UART_RxCpltCallback
 .text.HAL_UART_ErrorCallback
                0x0000000008003fa8       0x12 CMakeFiles/intellikeeper_tag.elf.dir/Drivers/STM32F1xx_HAL_Driver/Src/stm32f1xx_hal_uart.c.obj
                0x0000000008003fa8                HAL_UART_ErrorCallback
 .text.UART_WaitOnFlagUntilTimeout
                0x0000000008003fba       0x94 CMakeFiles/intellikeeper_tag.elf.dir/Drivers/STM32F1xx_HAL_Driver/Src/stm32f1xx_hal_uart.c.obj
 .text.UART_EndRxTransfer
                0x000000000800404e       0x3a CMakeFiles/intellikeeper_tag.elf.dir/Drivers/STM32F1xx_HAL_Driver/Src/stm32f1xx_hal_uart.c.obj
 .text.UART_DMAAbortOnError
                0x0000000008004088       0x28 CMakeFiles/intellikeeper_tag.elf.dir/Drivers/STM32F1xx_HAL_Driver/Src/stm32f1xx_hal_uart.c.obj
 .text.UART_Transmit_IT
                0x00000000080040b0       0xaa CMakeFiles/intellikeeper_tag.elf.dir/Drivers/STM32F1xx_HAL_Driver/Src/stm32f1xx_hal_uart.c.obj
 .text.UART_EndTransmit_IT
                0x000000000800415a       0x30 CMakeFiles/intellikeeper_tag.elf.dir/Drivers/STM32F1xx_HAL_Driver/Src/stm32f1xx_hal_uart.c.obj
 .text.UART_Receive_IT
                0x000000000800418a      0x102 CMakeFiles/intellikeeper_tag.elf.dir/Drivers/STM32F1xx_HAL_Driver/Src/stm32f1xx_hal_uart.c.obj
 .text.UART_SetConfig
                0x000000000800428c      0x1b4 CMakeFiles/intellikeeper_tag.elf.dir/Drivers/STM32F1xx_HAL_Driver/Src/stm32f1xx_hal_uart.c.obj
 .text.Zigbee_Handle
                0x0000000008004440      0x148 CMakeFiles/intellikeeper_tag.elf.dir/Drivers/Zigbee/zigbee.c.obj
 .text.Zigbee_ReceivedCount
                0x0000000008004588       0x54 CMakeFiles/intellikeeper_tag.elf.dir/Drivers/Zigbee/zigbee.c.obj
                0x0000000008004588                Zigbee_ReceivedCount
 .text.Zigbee_UART_IRQ
                0x00000000080045dc       0xc8 CMakeFiles/intellikeeper_tag.elf.dir/Drivers/Zigbee/zigbee.c.obj
                0x00000000080045dc                Zigbee_UART_IRQ
 .text.Calc_Checksum
                0x00000000080046a4       0x44 CMakeFiles/intellikeeper_tag.elf.dir/Drivers/Zigbee/zigbee.c.obj
                0x00000000080046a4                Calc_Checksum
 .text.Beep     0x00000000080046e8       0x60 CMakeFiles/intellikeeper_tag.elf.dir/Drivers/Zigbee/zigbee.c.obj
                0x00000000080046e8                Beep
 .text.Zigbee_Involve
                0x0000000008004748      0x1c8 CMakeFiles/intellikeeper_tag.elf.dir/Drivers/Zigbee/zigbee.c.obj
                0x0000000008004748                Zigbee_Involve
 .text.Zigbee_SendData
                0x0000000008004910       0x40 CMakeFiles/intellikeeper_tag.elf.dir/Drivers/Zigbee/zigbee.c.obj
                0x0000000008004910                Zigbee_SendData
 .text.Zigbee_SayHello
                0x0000000008004950       0x30 CMakeFiles/intellikeeper_tag.elf.dir/Drivers/Zigbee/zigbee.c.obj
                0x0000000008004950                Zigbee_SayHello
 .text.Zigbee_Query_Location
                0x0000000008004980      0x1d8 CMakeFiles/intellikeeper_tag.elf.dir/Drivers/Zigbee/zigbee.c.obj
                0x0000000008004980                Zigbee_Query_Location
 .text.Zigbee_Report_Invalid
                0x0000000008004b58      0x104 CMakeFiles/intellikeeper_tag.elf.dir/Drivers/Zigbee/zigbee.c.obj
                0x0000000008004b58                Zigbee_Report_Invalid
 .text.MX_GPIO_Init
                0x0000000008004c5c       0xd0 CMakeFiles/intellikeeper_tag.elf.dir/Src/gpio.c.obj
                0x0000000008004c5c                MX_GPIO_Init
 .text.MX_I2C1_Init
                0x0000000008004d2c       0x5c CMakeFiles/intellikeeper_tag.elf.dir/Src/i2c.c.obj
                0x0000000008004d2c                MX_I2C1_Init
 .text.HAL_I2C_MspInit
                0x0000000008004d88       0x7c CMakeFiles/intellikeeper_tag.elf.dir/Src/i2c.c.obj
                0x0000000008004d88                HAL_I2C_MspInit
 .text.main     0x0000000008004e04      0x19c CMakeFiles/intellikeeper_tag.elf.dir/Src/main.c.obj
                0x0000000008004e04                main
 .text.SystemClock_Config
                0x0000000008004fa0       0x8a CMakeFiles/intellikeeper_tag.elf.dir/Src/main.c.obj
                0x0000000008004fa0                SystemClock_Config
 .text.Error_Handler
                0x000000000800502a        0xc CMakeFiles/intellikeeper_tag.elf.dir/Src/main.c.obj
                0x000000000800502a                Error_Handler
 *fill*         0x0000000008005036        0x2 
 .text.HAL_MspInit
                0x0000000008005038       0x64 CMakeFiles/intellikeeper_tag.elf.dir/Src/stm32f1xx_hal_msp.c.obj
                0x0000000008005038                HAL_MspInit
 .text.NMI_Handler
                0x000000000800509c        0xc CMakeFiles/intellikeeper_tag.elf.dir/Src/stm32f1xx_it.c.obj
                0x000000000800509c                NMI_Handler
 .text.HardFault_Handler
                0x00000000080050a8        0x6 CMakeFiles/intellikeeper_tag.elf.dir/Src/stm32f1xx_it.c.obj
                0x00000000080050a8                HardFault_Handler
 .text.MemManage_Handler
                0x00000000080050ae        0x6 CMakeFiles/intellikeeper_tag.elf.dir/Src/stm32f1xx_it.c.obj
                0x00000000080050ae                MemManage_Handler
 .text.BusFault_Handler
                0x00000000080050b4        0x6 CMakeFiles/intellikeeper_tag.elf.dir/Src/stm32f1xx_it.c.obj
                0x00000000080050b4                BusFault_Handler
 .text.UsageFault_Handler
                0x00000000080050ba        0x6 CMakeFiles/intellikeeper_tag.elf.dir/Src/stm32f1xx_it.c.obj
                0x00000000080050ba                UsageFault_Handler
 .text.SVC_Handler
                0x00000000080050c0        0xc CMakeFiles/intellikeeper_tag.elf.dir/Src/stm32f1xx_it.c.obj
                0x00000000080050c0                SVC_Handler
 .text.DebugMon_Handler
                0x00000000080050cc        0xc CMakeFiles/intellikeeper_tag.elf.dir/Src/stm32f1xx_it.c.obj
                0x00000000080050cc                DebugMon_Handler
 .text.PendSV_Handler
                0x00000000080050d8        0xc CMakeFiles/intellikeeper_tag.elf.dir/Src/stm32f1xx_it.c.obj
                0x00000000080050d8                PendSV_Handler
 .text.SysTick_Handler
                0x00000000080050e4        0xc CMakeFiles/intellikeeper_tag.elf.dir/Src/stm32f1xx_it.c.obj
                0x00000000080050e4                SysTick_Handler
 .text.TIM3_IRQHandler
                0x00000000080050f0       0x18 CMakeFiles/intellikeeper_tag.elf.dir/Src/stm32f1xx_it.c.obj
                0x00000000080050f0                TIM3_IRQHandler
 .text.USART2_IRQHandler
                0x0000000008005108       0x18 CMakeFiles/intellikeeper_tag.elf.dir/Src/stm32f1xx_it.c.obj
                0x0000000008005108                USART2_IRQHandler
 .text.SystemInit
                0x0000000008005120       0x68 CMakeFiles/intellikeeper_tag.elf.dir/Src/system_stm32f1xx.c.obj
                0x0000000008005120                SystemInit
 .text.MX_TIM3_Init
                0x0000000008005188       0x9c CMakeFiles/intellikeeper_tag.elf.dir/Src/tim.c.obj
                0x0000000008005188                MX_TIM3_Init
 .text.HAL_TIM_Base_MspInit
                0x0000000008005224       0x4c CMakeFiles/intellikeeper_tag.elf.dir/Src/tim.c.obj
                0x0000000008005224                HAL_TIM_Base_MspInit
 .text.HAL_TIM_PeriodElapsedCallback
                0x0000000008005270       0x24 CMakeFiles/intellikeeper_tag.elf.dir/Src/tim.c.obj
                0x0000000008005270                HAL_TIM_PeriodElapsedCallback
 .text.MX_USART2_UART_Init
                0x0000000008005294       0x54 CMakeFiles/intellikeeper_tag.elf.dir/Src/usart.c.obj
                0x0000000008005294                MX_USART2_UART_Init
 .text.HAL_UART_MspInit
                0x00000000080052e8       0xa4 CMakeFiles/intellikeeper_tag.elf.dir/Src/usart.c.obj
                0x00000000080052e8                HAL_UART_MspInit
 .text.Reset_Handler
                0x000000000800538c       0x48 CMakeFiles/intellikeeper_tag.elf.dir/startup/startup_stm32f103xb.s.obj
                0x000000000800538c                Reset_Handler
 .text.Default_Handler
                0x00000000080053d4        0x2 CMakeFiles/intellikeeper_tag.elf.dir/startup/startup_stm32f103xb.s.obj
                0x00000000080053d4                USBWakeUp_IRQHandler
                0x00000000080053d4                EXTI2_IRQHandler
                0x00000000080053d4                TIM1_CC_IRQHandler
                0x00000000080053d4                PVD_IRQHandler
                0x00000000080053d4                EXTI3_IRQHandler
                0x00000000080053d4                EXTI0_IRQHandler
                0x00000000080053d4                I2C2_EV_IRQHandler
                0x00000000080053d4                ADC1_2_IRQHandler
                0x00000000080053d4                SPI1_IRQHandler
                0x00000000080053d4                TAMPER_IRQHandler
                0x00000000080053d4                DMA1_Channel4_IRQHandler
                0x00000000080053d4                USART3_IRQHandler
                0x00000000080053d4                RTC_IRQHandler
                0x00000000080053d4                DMA1_Channel7_IRQHandler
                0x00000000080053d4                CAN1_RX1_IRQHandler
                0x00000000080053d4                TIM4_IRQHandler
                0x00000000080053d4                I2C1_EV_IRQHandler
                0x00000000080053d4                DMA1_Channel6_IRQHandler
                0x00000000080053d4                RCC_IRQHandler
                0x00000000080053d4                TIM1_TRG_COM_IRQHandler
                0x00000000080053d4                DMA1_Channel1_IRQHandler
                0x00000000080053d4                Default_Handler
                0x00000000080053d4                EXTI15_10_IRQHandler
                0x00000000080053d4                EXTI9_5_IRQHandler
                0x00000000080053d4                SPI2_IRQHandler
                0x00000000080053d4                DMA1_Channel5_IRQHandler
                0x00000000080053d4                EXTI4_IRQHandler
                0x00000000080053d4                USB_LP_CAN1_RX0_IRQHandler
                0x00000000080053d4                USB_HP_CAN1_TX_IRQHandler
                0x00000000080053d4                DMA1_Channel3_IRQHandler
                0x00000000080053d4                TIM1_UP_IRQHandler
                0x00000000080053d4                WWDG_IRQHandler
                0x00000000080053d4                TIM2_IRQHandler
                0x00000000080053d4                TIM1_BRK_IRQHandler
                0x00000000080053d4                EXTI1_IRQHandler
                0x00000000080053d4                I2C2_ER_IRQHandler
                0x00000000080053d4                DMA1_Channel2_IRQHandler
                0x00000000080053d4                CAN1_SCE_IRQHandler
                0x00000000080053d4                FLASH_IRQHandler
                0x00000000080053d4                USART1_IRQHandler
                0x00000000080053d4                I2C1_ER_IRQHandler
                0x00000000080053d4                RTC_Alarm_IRQHandler
 *fill*         0x00000000080053d6        0x2 
 .text.__libc_init_array
                0x00000000080053d8       0x48 /Users/zeroisone/Downloads/gcc-arm-none-eabi-9-2019-q4-major/bin/../lib/gcc/arm-none-eabi/9.2.1/../../../../arm-none-eabi/lib/thumb/v7-m/nofp/libg_nano.a(lib_a-init.o)
                0x00000000080053d8                __libc_init_array
 .text.memset   0x0000000008005420       0x10 /Users/zeroisone/Downloads/gcc-arm-none-eabi-9-2019-q4-major/bin/../lib/gcc/arm-none-eabi/9.2.1/../../../../arm-none-eabi/lib/thumb/v7-m/nofp/libg_nano.a(lib_a-memset.o)
                0x0000000008005420                memset
 *(.glue_7)
 .glue_7        0x0000000008005430        0x0 linker stubs
 *(.glue_7t)
 .glue_7t       0x0000000008005430        0x0 linker stubs
 *(.eh_frame)
 .eh_frame      0x0000000008005430        0x0 /Users/zeroisone/Downloads/gcc-arm-none-eabi-9-2019-q4-major/bin/../lib/gcc/arm-none-eabi/9.2.1/thumb/v7-m/nofp/crtbegin.o
 *(.init)
 .init          0x0000000008005430        0x4 /Users/zeroisone/Downloads/gcc-arm-none-eabi-9-2019-q4-major/bin/../lib/gcc/arm-none-eabi/9.2.1/thumb/v7-m/nofp/crti.o
                0x0000000008005430                _init
 .init          0x0000000008005434        0x8 /Users/zeroisone/Downloads/gcc-arm-none-eabi-9-2019-q4-major/bin/../lib/gcc/arm-none-eabi/9.2.1/thumb/v7-m/nofp/crtn.o
 *(.fini)
 .fini          0x000000000800543c        0x4 /Users/zeroisone/Downloads/gcc-arm-none-eabi-9-2019-q4-major/bin/../lib/gcc/arm-none-eabi/9.2.1/thumb/v7-m/nofp/crti.o
                0x000000000800543c                _fini
 .fini          0x0000000008005440        0x8 /Users/zeroisone/Downloads/gcc-arm-none-eabi-9-2019-q4-major/bin/../lib/gcc/arm-none-eabi/9.2.1/thumb/v7-m/nofp/crtn.o
                0x0000000008005448                . = ALIGN (0x4)
                0x0000000008005448                _etext = .

.vfp11_veneer   0x0000000008005448        0x0
 .vfp11_veneer  0x0000000008005448        0x0 linker stubs

.v4_bx          0x0000000008005448        0x0
 .v4_bx         0x0000000008005448        0x0 linker stubs

.iplt           0x0000000008005448        0x0
 .iplt          0x0000000008005448        0x0 /Users/zeroisone/Downloads/gcc-arm-none-eabi-9-2019-q4-major/bin/../lib/gcc/arm-none-eabi/9.2.1/thumb/v7-m/nofp/crtbegin.o

.rodata         0x0000000008005448       0x28
                0x0000000008005448                . = ALIGN (0x4)
 *(.rodata)
 .rodata        0x0000000008005448       0x10 CMakeFiles/intellikeeper_tag.elf.dir/Drivers/STM32F1xx_HAL_Driver/Src/stm32f1xx_hal_rcc.c.obj
 *(.rodata*)
 .rodata.AHBPrescTable
                0x0000000008005458       0x10 CMakeFiles/intellikeeper_tag.elf.dir/Src/system_stm32f1xx.c.obj
                0x0000000008005458                AHBPrescTable
 .rodata.APBPrescTable
                0x0000000008005468        0x8 CMakeFiles/intellikeeper_tag.elf.dir/Src/system_stm32f1xx.c.obj
                0x0000000008005468                APBPrescTable
                0x0000000008005470                . = ALIGN (0x4)

.rel.dyn        0x0000000008005470        0x0
 .rel.iplt      0x0000000008005470        0x0 /Users/zeroisone/Downloads/gcc-arm-none-eabi-9-2019-q4-major/bin/../lib/gcc/arm-none-eabi/9.2.1/thumb/v7-m/nofp/crtbegin.o

.ARM.extab
 *(.ARM.extab* .gnu.linkonce.armextab.*)

.ARM            0x0000000008005470        0x0
                0x0000000008005470                __exidx_start = .
 *(.ARM.exidx*)
                0x0000000008005470                __exidx_end = .

.preinit_array  0x0000000008005470        0x0
                0x0000000008005470                PROVIDE (__preinit_array_start = .)
 *(.preinit_array*)
                0x0000000008005470                PROVIDE (__preinit_array_end = .)

.init_array     0x0000000008005470        0x4
                0x0000000008005470                PROVIDE (__init_array_start = .)
 *(SORT_BY_NAME(.init_array.*))
 *(.init_array*)
 .init_array    0x0000000008005470        0x4 /Users/zeroisone/Downloads/gcc-arm-none-eabi-9-2019-q4-major/bin/../lib/gcc/arm-none-eabi/9.2.1/thumb/v7-m/nofp/crtbegin.o
                0x0000000008005474                PROVIDE (__init_array_end = .)

.fini_array     0x0000000008005474        0x4
                [!provide]                        PROVIDE (__fini_array_start = .)
 *(SORT_BY_NAME(.fini_array.*))
 *(.fini_array*)
 .fini_array    0x0000000008005474        0x4 /Users/zeroisone/Downloads/gcc-arm-none-eabi-9-2019-q4-major/bin/../lib/gcc/arm-none-eabi/9.2.1/thumb/v7-m/nofp/crtbegin.o
                [!provide]                        PROVIDE (__fini_array_end = .)
                0x0000000008005478                _sidata = LOADADDR (.data)

.data           0x0000000020000000       0x18 load address 0x0000000008005478
                0x0000000020000000                . = ALIGN (0x4)
                0x0000000020000000                _sdata = .
 *(.data)
 *(.data*)
 .data.Move_Is_Stable
                0x0000000020000000        0x1 CMakeFiles/intellikeeper_tag.elf.dir/Drivers/MPU6050/move_detect.c.obj
                0x0000000020000000                Move_Is_Stable
 *fill*         0x0000000020000001        0x3 
 .data.uwTickPrio
                0x0000000020000004        0x4 CMakeFiles/intellikeeper_tag.elf.dir/Drivers/STM32F1xx_HAL_Driver/Src/stm32f1xx_hal.c.obj
                0x0000000020000004                uwTickPrio
 .data.uwTickFreq
                0x0000000020000008        0x1 CMakeFiles/intellikeeper_tag.elf.dir/Drivers/STM32F1xx_HAL_Driver/Src/stm32f1xx_hal.c.obj
                0x0000000020000008                uwTickFreq
 *fill*         0x0000000020000009        0x3 
 .data.Send_Buf
                0x000000002000000c        0x4 CMakeFiles/intellikeeper_tag.elf.dir/Drivers/Zigbee/zigbee.c.obj
                0x000000002000000c                Send_Buf
 .data.Sensor_Light_On
                0x0000000020000010        0x1 CMakeFiles/intellikeeper_tag.elf.dir/Src/intellikeeper.c.obj
                0x0000000020000010                Sensor_Light_On
 .data.Sensor_Move_On
                0x0000000020000011        0x1 CMakeFiles/intellikeeper_tag.elf.dir/Src/intellikeeper.c.obj
                0x0000000020000011                Sensor_Move_On
 *fill*         0x0000000020000012        0x2 
 .data.SystemCoreClock
                0x0000000020000014        0x4 CMakeFiles/intellikeeper_tag.elf.dir/Src/system_stm32f1xx.c.obj
                0x0000000020000014                SystemCoreClock
                0x0000000020000018                . = ALIGN (0x4)
                0x0000000020000018                _edata = .

.igot.plt       0x0000000020000018        0x0 load address 0x0000000008005490
 .igot.plt      0x0000000020000018        0x0 /Users/zeroisone/Downloads/gcc-arm-none-eabi-9-2019-q4-major/bin/../lib/gcc/arm-none-eabi/9.2.1/thumb/v7-m/nofp/crtbegin.o
                0x0000000020000018                . = ALIGN (0x4)

.bss            0x0000000020000018      0x690 load address 0x0000000008005490
                0x0000000020000018                _sbss = .
                0x0000000020000018                __bss_start__ = _sbss
 *(.bss)
 .bss           0x0000000020000018       0x1c /Users/zeroisone/Downloads/gcc-arm-none-eabi-9-2019-q4-major/bin/../lib/gcc/arm-none-eabi/9.2.1/thumb/v7-m/nofp/crtbegin.o
 *(.bss*)
 .bss.mpu1      0x0000000020000034       0x1c CMakeFiles/intellikeeper_tag.elf.dir/Drivers/MPU6050/move_detect.c.obj
                0x0000000020000034                mpu1
 .bss.Acc_RingBuffer
                0x0000000020000050      0x300 CMakeFiles/intellikeeper_tag.elf.dir/Drivers/MPU6050/move_detect.c.obj
 .bss.RingBuffer_Head
                0x0000000020000350        0x2 CMakeFiles/intellikeeper_tag.elf.dir/Drivers/MPU6050/move_detect.c.obj
 .bss.RingBuffer_Tail
                0x0000000020000352        0x2 CMakeFiles/intellikeeper_tag.elf.dir/Drivers/MPU6050/move_detect.c.obj
 .bss.RingBuffer_Length
                0x0000000020000354        0x2 CMakeFiles/intellikeeper_tag.elf.dir/Drivers/MPU6050/move_detect.c.obj
 *fill*         0x0000000020000356        0x2 
 .bss.Acc_Sum   0x0000000020000358       0x18 CMakeFiles/intellikeeper_tag.elf.dir/Drivers/MPU6050/move_detect.c.obj
 .bss.uwTick    0x0000000020000370        0x4 CMakeFiles/intellikeeper_tag.elf.dir/Drivers/STM32F1xx_HAL_Driver/Src/stm32f1xx_hal.c.obj
                0x0000000020000370                uwTick
 .bss.Tx_Buf    0x0000000020000374      0x12c CMakeFiles/intellikeeper_tag.elf.dir/Drivers/Zigbee/zigbee.c.obj
                0x0000000020000374                Tx_Buf
 .bss.Rx_Buf    0x00000000200004a0      0x12c CMakeFiles/intellikeeper_tag.elf.dir/Drivers/Zigbee/zigbee.c.obj
                0x00000000200004a0                Rx_Buf
 .bss.Received_Length
                0x00000000200005cc        0x1 CMakeFiles/intellikeeper_tag.elf.dir/Drivers/Zigbee/zigbee.c.obj
                0x00000000200005cc                Received_Length
 .bss.Received_Tick
                0x00000000200005cd        0x1 CMakeFiles/intellikeeper_tag.elf.dir/Drivers/Zigbee/zigbee.c.obj
                0x00000000200005cd                Received_Tick
 .bss.Is_Receiving
                0x00000000200005ce        0x1 CMakeFiles/intellikeeper_tag.elf.dir/Drivers/Zigbee/zigbee.c.obj
                0x00000000200005ce                Is_Receiving
 *fill*         0x00000000200005cf        0x1 
 .bss.hi2c1     0x00000000200005d0       0x54 CMakeFiles/intellikeeper_tag.elf.dir/Src/i2c.c.obj
                0x00000000200005d0                hi2c1
 .bss.Mute_Mode
                0x0000000020000624        0x1 CMakeFiles/intellikeeper_tag.elf.dir/Src/intellikeeper.c.obj
                0x0000000020000624                Mute_Mode
 .bss.Configured
                0x0000000020000625        0x1 CMakeFiles/intellikeeper_tag.elf.dir/Src/intellikeeper.c.obj
                0x0000000020000625                Configured
 *fill*         0x0000000020000626        0x2 
 .bss.htim3     0x0000000020000628       0x40 CMakeFiles/intellikeeper_tag.elf.dir/Src/tim.c.obj
                0x0000000020000628                htim3
 .bss.huart2    0x0000000020000668       0x40 CMakeFiles/intellikeeper_tag.elf.dir/Src/usart.c.obj
                0x0000000020000668                huart2
 *(COMMON)
                0x00000000200006a8                . = ALIGN (0x4)
                0x00000000200006a8                _ebss = .
                0x00000000200006a8                __bss_end__ = _ebss

._user_heap_stack
                0x00000000200006a8      0x600 load address 0x0000000008005490
                0x00000000200006a8                . = ALIGN (0x8)
                0x00000000200006a8                PROVIDE (end = .)
                [!provide]                        PROVIDE (_end = .)
                0x00000000200008a8                . = (. + _Min_Heap_Size)
 *fill*         0x00000000200006a8      0x200 
                0x0000000020000ca8                . = (. + _Min_Stack_Size)
 *fill*         0x00000000200008a8      0x400 
                0x0000000020000ca8                . = ALIGN (0x8)

/DISCARD/
 libc.a(*)
 libm.a(*)
 libgcc.a(*)

.ARM.attributes
                0x0000000000000000       0x29
 *(.ARM.attributes)
 .ARM.attributes
                0x0000000000000000       0x1d /Users/zeroisone/Downloads/gcc-arm-none-eabi-9-2019-q4-major/bin/../lib/gcc/arm-none-eabi/9.2.1/thumb/v7-m/nofp/crti.o
 .ARM.attributes
                0x000000000000001d       0x2d /Users/zeroisone/Downloads/gcc-arm-none-eabi-9-2019-q4-major/bin/../lib/gcc/arm-none-eabi/9.2.1/thumb/v7-m/nofp/crtbegin.o
 .ARM.attributes
                0x000000000000004a       0x2d CMakeFiles/intellikeeper_tag.elf.dir/Drivers/MPU6050/move_detect.c.obj
 .ARM.attributes
                0x0000000000000077       0x2d CMakeFiles/intellikeeper_tag.elf.dir/Drivers/MPU6050/sd_hal_mpu6050.c.obj
 .ARM.attributes
                0x00000000000000a4       0x2d CMakeFiles/intellikeeper_tag.elf.dir/Drivers/STM32F1xx_HAL_Driver/Src/stm32f1xx_hal.c.obj
 .ARM.attributes
                0x00000000000000d1       0x2d CMakeFiles/intellikeeper_tag.elf.dir/Drivers/STM32F1xx_HAL_Driver/Src/stm32f1xx_hal_cortex.c.obj
 .ARM.attributes
                0x00000000000000fe       0x2d CMakeFiles/intellikeeper_tag.elf.dir/Drivers/STM32F1xx_HAL_Driver/Src/stm32f1xx_hal_dma.c.obj
 .ARM.attributes
                0x000000000000012b       0x2d CMakeFiles/intellikeeper_tag.elf.dir/Drivers/STM32F1xx_HAL_Driver/Src/stm32f1xx_hal_gpio.c.obj
 .ARM.attributes
                0x0000000000000158       0x2d CMakeFiles/intellikeeper_tag.elf.dir/Drivers/STM32F1xx_HAL_Driver/Src/stm32f1xx_hal_i2c.c.obj
 .ARM.attributes
                0x0000000000000185       0x2d CMakeFiles/intellikeeper_tag.elf.dir/Drivers/STM32F1xx_HAL_Driver/Src/stm32f1xx_hal_rcc.c.obj
 .ARM.attributes
                0x00000000000001b2       0x2d CMakeFiles/intellikeeper_tag.elf.dir/Drivers/STM32F1xx_HAL_Driver/Src/stm32f1xx_hal_tim.c.obj
 .ARM.attributes
                0x00000000000001df       0x2d CMakeFiles/intellikeeper_tag.elf.dir/Drivers/STM32F1xx_HAL_Driver/Src/stm32f1xx_hal_tim_ex.c.obj
 .ARM.attributes
                0x000000000000020c       0x2d CMakeFiles/intellikeeper_tag.elf.dir/Drivers/STM32F1xx_HAL_Driver/Src/stm32f1xx_hal_uart.c.obj
 .ARM.attributes
                0x0000000000000239       0x2d CMakeFiles/intellikeeper_tag.elf.dir/Drivers/Zigbee/zigbee.c.obj
 .ARM.attributes
                0x0000000000000266       0x2d CMakeFiles/intellikeeper_tag.elf.dir/Src/gpio.c.obj
 .ARM.attributes
                0x0000000000000293       0x2d CMakeFiles/intellikeeper_tag.elf.dir/Src/i2c.c.obj
 .ARM.attributes
                0x00000000000002c0       0x33 CMakeFiles/intellikeeper_tag.elf.dir/Src/intellikeeper.c.obj
 .ARM.attributes
                0x00000000000002f3       0x2d CMakeFiles/intellikeeper_tag.elf.dir/Src/main.c.obj
 .ARM.attributes
                0x0000000000000320       0x2d CMakeFiles/intellikeeper_tag.elf.dir/Src/stm32f1xx_hal_msp.c.obj
 .ARM.attributes
                0x000000000000034d       0x2d CMakeFiles/intellikeeper_tag.elf.dir/Src/stm32f1xx_it.c.obj
 .ARM.attributes
                0x000000000000037a       0x2d CMakeFiles/intellikeeper_tag.elf.dir/Src/system_stm32f1xx.c.obj
 .ARM.attributes
                0x00000000000003a7       0x2d CMakeFiles/intellikeeper_tag.elf.dir/Src/tim.c.obj
 .ARM.attributes
                0x00000000000003d4       0x2d CMakeFiles/intellikeeper_tag.elf.dir/Src/usart.c.obj
 .ARM.attributes
                0x0000000000000401       0x21 CMakeFiles/intellikeeper_tag.elf.dir/startup/startup_stm32f103xb.s.obj
 .ARM.attributes
                0x0000000000000422       0x1d /Users/zeroisone/Downloads/gcc-arm-none-eabi-9-2019-q4-major/bin/../lib/gcc/arm-none-eabi/9.2.1/thumb/v7-m/nofp/libgcc.a(_arm_addsubdf3.o)
 .ARM.attributes
                0x000000000000043f       0x1d /Users/zeroisone/Downloads/gcc-arm-none-eabi-9-2019-q4-major/bin/../lib/gcc/arm-none-eabi/9.2.1/thumb/v7-m/nofp/libgcc.a(_arm_muldivdf3.o)
 .ARM.attributes
                0x000000000000045c       0x1d /Users/zeroisone/Downloads/gcc-arm-none-eabi-9-2019-q4-major/bin/../lib/gcc/arm-none-eabi/9.2.1/thumb/v7-m/nofp/libgcc.a(_arm_cmpdf2.o)
 .ARM.attributes
                0x0000000000000479       0x2d /Users/zeroisone/Downloads/gcc-arm-none-eabi-9-2019-q4-major/bin/../lib/gcc/arm-none-eabi/9.2.1/../../../../arm-none-eabi/lib/thumb/v7-m/nofp/libg_nano.a(lib_a-init.o)
 .ARM.attributes
                0x00000000000004a6       0x2d /Users/zeroisone/Downloads/gcc-arm-none-eabi-9-2019-q4-major/bin/../lib/gcc/arm-none-eabi/9.2.1/../../../../arm-none-eabi/lib/thumb/v7-m/nofp/libg_nano.a(lib_a-memset.o)
 .ARM.attributes
                0x00000000000004d3       0x1d /Users/zeroisone/Downloads/gcc-arm-none-eabi-9-2019-q4-major/bin/../lib/gcc/arm-none-eabi/9.2.1/thumb/v7-m/nofp/crtn.o
OUTPUT(intellikeeper_tag.elf elf32-littlearm)

.debug_info     0x0000000000000000    0x110e8
 .debug_info    0x0000000000000000     0x12fd CMakeFiles/intellikeeper_tag.elf.dir/Drivers/MPU6050/move_detect.c.obj
 .debug_info    0x00000000000012fd      0xea1 CMakeFiles/intellikeeper_tag.elf.dir/Drivers/MPU6050/sd_hal_mpu6050.c.obj
 .debug_info    0x000000000000219e      0x747 CMakeFiles/intellikeeper_tag.elf.dir/Drivers/STM32F1xx_HAL_Driver/Src/stm32f1xx_hal.c.obj
 .debug_info    0x00000000000028e5      0xbc5 CMakeFiles/intellikeeper_tag.elf.dir/Drivers/STM32F1xx_HAL_Driver/Src/stm32f1xx_hal_cortex.c.obj
 .debug_info    0x00000000000034aa      0x807 CMakeFiles/intellikeeper_tag.elf.dir/Drivers/STM32F1xx_HAL_Driver/Src/stm32f1xx_hal_dma.c.obj
 .debug_info    0x0000000000003cb1      0x6da CMakeFiles/intellikeeper_tag.elf.dir/Drivers/STM32F1xx_HAL_Driver/Src/stm32f1xx_hal_gpio.c.obj
 .debug_info    0x000000000000438b     0x265b CMakeFiles/intellikeeper_tag.elf.dir/Drivers/STM32F1xx_HAL_Driver/Src/stm32f1xx_hal_i2c.c.obj
 .debug_info    0x00000000000069e6      0x877 CMakeFiles/intellikeeper_tag.elf.dir/Drivers/STM32F1xx_HAL_Driver/Src/stm32f1xx_hal_rcc.c.obj
 .debug_info    0x000000000000725d     0x2669 CMakeFiles/intellikeeper_tag.elf.dir/Drivers/STM32F1xx_HAL_Driver/Src/stm32f1xx_hal_tim.c.obj
 .debug_info    0x00000000000098c6     0x11fb CMakeFiles/intellikeeper_tag.elf.dir/Drivers/STM32F1xx_HAL_Driver/Src/stm32f1xx_hal_tim_ex.c.obj
 .debug_info    0x000000000000aac1     0x12db CMakeFiles/intellikeeper_tag.elf.dir/Drivers/STM32F1xx_HAL_Driver/Src/stm32f1xx_hal_uart.c.obj
 .debug_info    0x000000000000bd9c     0x1169 CMakeFiles/intellikeeper_tag.elf.dir/Drivers/Zigbee/zigbee.c.obj
 .debug_info    0x000000000000cf05      0x378 CMakeFiles/intellikeeper_tag.elf.dir/Src/gpio.c.obj
 .debug_info    0x000000000000d27d      0x8b7 CMakeFiles/intellikeeper_tag.elf.dir/Src/i2c.c.obj
 .debug_info    0x000000000000db34      0x1c4 CMakeFiles/intellikeeper_tag.elf.dir/Src/intellikeeper.c.obj
 .debug_info    0x000000000000dcf8      0xefd CMakeFiles/intellikeeper_tag.elf.dir/Src/main.c.obj
 .debug_info    0x000000000000ebf5      0x2e5 CMakeFiles/intellikeeper_tag.elf.dir/Src/stm32f1xx_hal_msp.c.obj
 .debug_info    0x000000000000eeda      0x9dc CMakeFiles/intellikeeper_tag.elf.dir/Src/stm32f1xx_it.c.obj
 .debug_info    0x000000000000f8b6      0x462 CMakeFiles/intellikeeper_tag.elf.dir/Src/system_stm32f1xx.c.obj
 .debug_info    0x000000000000fd18      0xa4b CMakeFiles/intellikeeper_tag.elf.dir/Src/tim.c.obj
 .debug_info    0x0000000000010763      0x963 CMakeFiles/intellikeeper_tag.elf.dir/Src/usart.c.obj
 .debug_info    0x00000000000110c6       0x22 CMakeFiles/intellikeeper_tag.elf.dir/startup/startup_stm32f103xb.s.obj

.debug_abbrev   0x0000000000000000     0x2a25
 .debug_abbrev  0x0000000000000000      0x2b8 CMakeFiles/intellikeeper_tag.elf.dir/Drivers/MPU6050/move_detect.c.obj
 .debug_abbrev  0x00000000000002b8      0x22e CMakeFiles/intellikeeper_tag.elf.dir/Drivers/MPU6050/sd_hal_mpu6050.c.obj
 .debug_abbrev  0x00000000000004e6      0x1fd CMakeFiles/intellikeeper_tag.elf.dir/Drivers/STM32F1xx_HAL_Driver/Src/stm32f1xx_hal.c.obj
 .debug_abbrev  0x00000000000006e3      0x310 CMakeFiles/intellikeeper_tag.elf.dir/Drivers/STM32F1xx_HAL_Driver/Src/stm32f1xx_hal_cortex.c.obj
 .debug_abbrev  0x00000000000009f3      0x225 CMakeFiles/intellikeeper_tag.elf.dir/Drivers/STM32F1xx_HAL_Driver/Src/stm32f1xx_hal_dma.c.obj
 .debug_abbrev  0x0000000000000c18      0x1e5 CMakeFiles/intellikeeper_tag.elf.dir/Drivers/STM32F1xx_HAL_Driver/Src/stm32f1xx_hal_gpio.c.obj
 .debug_abbrev  0x0000000000000dfd      0x285 CMakeFiles/intellikeeper_tag.elf.dir/Drivers/STM32F1xx_HAL_Driver/Src/stm32f1xx_hal_i2c.c.obj
 .debug_abbrev  0x0000000000001082      0x270 CMakeFiles/intellikeeper_tag.elf.dir/Drivers/STM32F1xx_HAL_Driver/Src/stm32f1xx_hal_rcc.c.obj
 .debug_abbrev  0x00000000000012f2      0x25b CMakeFiles/intellikeeper_tag.elf.dir/Drivers/STM32F1xx_HAL_Driver/Src/stm32f1xx_hal_tim.c.obj
 .debug_abbrev  0x000000000000154d      0x249 CMakeFiles/intellikeeper_tag.elf.dir/Drivers/STM32F1xx_HAL_Driver/Src/stm32f1xx_hal_tim_ex.c.obj
 .debug_abbrev  0x0000000000001796      0x26d CMakeFiles/intellikeeper_tag.elf.dir/Drivers/STM32F1xx_HAL_Driver/Src/stm32f1xx_hal_uart.c.obj
 .debug_abbrev  0x0000000000001a03      0x34b CMakeFiles/intellikeeper_tag.elf.dir/Drivers/Zigbee/zigbee.c.obj
 .debug_abbrev  0x0000000000001d4e      0x14b CMakeFiles/intellikeeper_tag.elf.dir/Src/gpio.c.obj
 .debug_abbrev  0x0000000000001e99      0x1b8 CMakeFiles/intellikeeper_tag.elf.dir/Src/i2c.c.obj
 .debug_abbrev  0x0000000000002051       0xa6 CMakeFiles/intellikeeper_tag.elf.dir/Src/intellikeeper.c.obj
 .debug_abbrev  0x00000000000020f7      0x1cb CMakeFiles/intellikeeper_tag.elf.dir/Src/main.c.obj
 .debug_abbrev  0x00000000000022c2      0x11a CMakeFiles/intellikeeper_tag.elf.dir/Src/stm32f1xx_hal_msp.c.obj
 .debug_abbrev  0x00000000000023dc      0x173 CMakeFiles/intellikeeper_tag.elf.dir/Src/stm32f1xx_it.c.obj
 .debug_abbrev  0x000000000000254f      0x14b CMakeFiles/intellikeeper_tag.elf.dir/Src/system_stm32f1xx.c.obj
 .debug_abbrev  0x000000000000269a      0x1b8 CMakeFiles/intellikeeper_tag.elf.dir/Src/tim.c.obj
 .debug_abbrev  0x0000000000002852      0x1c1 CMakeFiles/intellikeeper_tag.elf.dir/Src/usart.c.obj
 .debug_abbrev  0x0000000000002a13       0x12 CMakeFiles/intellikeeper_tag.elf.dir/startup/startup_stm32f103xb.s.obj

.debug_aranges  0x0000000000000000      0xfb8
 .debug_aranges
                0x0000000000000000       0x40 CMakeFiles/intellikeeper_tag.elf.dir/Drivers/MPU6050/move_detect.c.obj
 .debug_aranges
                0x0000000000000040       0x70 CMakeFiles/intellikeeper_tag.elf.dir/Drivers/MPU6050/sd_hal_mpu6050.c.obj
 .debug_aranges
                0x00000000000000b0       0xe0 CMakeFiles/intellikeeper_tag.elf.dir/Drivers/STM32F1xx_HAL_Driver/Src/stm32f1xx_hal.c.obj
 .debug_aranges
                0x0000000000000190      0x100 CMakeFiles/intellikeeper_tag.elf.dir/Drivers/STM32F1xx_HAL_Driver/Src/stm32f1xx_hal_cortex.c.obj
 .debug_aranges
                0x0000000000000290       0x80 CMakeFiles/intellikeeper_tag.elf.dir/Drivers/STM32F1xx_HAL_Driver/Src/stm32f1xx_hal_dma.c.obj
 .debug_aranges
                0x0000000000000310       0x58 CMakeFiles/intellikeeper_tag.elf.dir/Drivers/STM32F1xx_HAL_Driver/Src/stm32f1xx_hal_gpio.c.obj
 .debug_aranges
                0x0000000000000368      0x290 CMakeFiles/intellikeeper_tag.elf.dir/Drivers/STM32F1xx_HAL_Driver/Src/stm32f1xx_hal_i2c.c.obj
 .debug_aranges
                0x00000000000005f8       0x90 CMakeFiles/intellikeeper_tag.elf.dir/Drivers/STM32F1xx_HAL_Driver/Src/stm32f1xx_hal_rcc.c.obj
 .debug_aranges
                0x0000000000000688      0x3a8 CMakeFiles/intellikeeper_tag.elf.dir/Drivers/STM32F1xx_HAL_Driver/Src/stm32f1xx_hal_tim.c.obj
 .debug_aranges
                0x0000000000000a30      0x150 CMakeFiles/intellikeeper_tag.elf.dir/Drivers/STM32F1xx_HAL_Driver/Src/stm32f1xx_hal_tim_ex.c.obj
 .debug_aranges
                0x0000000000000b80      0x1d0 CMakeFiles/intellikeeper_tag.elf.dir/Drivers/STM32F1xx_HAL_Driver/Src/stm32f1xx_hal_uart.c.obj
 .debug_aranges
                0x0000000000000d50       0x88 CMakeFiles/intellikeeper_tag.elf.dir/Drivers/Zigbee/zigbee.c.obj
 .debug_aranges
                0x0000000000000dd8       0x20 CMakeFiles/intellikeeper_tag.elf.dir/Src/gpio.c.obj
 .debug_aranges
                0x0000000000000df8       0x30 CMakeFiles/intellikeeper_tag.elf.dir/Src/i2c.c.obj
 .debug_aranges
                0x0000000000000e28       0x18 CMakeFiles/intellikeeper_tag.elf.dir/Src/intellikeeper.c.obj
 .debug_aranges
                0x0000000000000e40       0x30 CMakeFiles/intellikeeper_tag.elf.dir/Src/main.c.obj
 .debug_aranges
                0x0000000000000e70       0x20 CMakeFiles/intellikeeper_tag.elf.dir/Src/stm32f1xx_hal_msp.c.obj
 .debug_aranges
                0x0000000000000e90       0x70 CMakeFiles/intellikeeper_tag.elf.dir/Src/stm32f1xx_it.c.obj
 .debug_aranges
                0x0000000000000f00       0x28 CMakeFiles/intellikeeper_tag.elf.dir/Src/system_stm32f1xx.c.obj
 .debug_aranges
                0x0000000000000f28       0x38 CMakeFiles/intellikeeper_tag.elf.dir/Src/tim.c.obj
 .debug_aranges
                0x0000000000000f60       0x30 CMakeFiles/intellikeeper_tag.elf.dir/Src/usart.c.obj
 .debug_aranges
                0x0000000000000f90       0x28 CMakeFiles/intellikeeper_tag.elf.dir/startup/startup_stm32f103xb.s.obj

.debug_ranges   0x0000000000000000      0xeb0
 .debug_ranges  0x0000000000000000       0x30 CMakeFiles/intellikeeper_tag.elf.dir/Drivers/MPU6050/move_detect.c.obj
 .debug_ranges  0x0000000000000030       0x60 CMakeFiles/intellikeeper_tag.elf.dir/Drivers/MPU6050/sd_hal_mpu6050.c.obj
 .debug_ranges  0x0000000000000090       0xd0 CMakeFiles/intellikeeper_tag.elf.dir/Drivers/STM32F1xx_HAL_Driver/Src/stm32f1xx_hal.c.obj
 .debug_ranges  0x0000000000000160       0xf0 CMakeFiles/intellikeeper_tag.elf.dir/Drivers/STM32F1xx_HAL_Driver/Src/stm32f1xx_hal_cortex.c.obj
 .debug_ranges  0x0000000000000250       0x70 CMakeFiles/intellikeeper_tag.elf.dir/Drivers/STM32F1xx_HAL_Driver/Src/stm32f1xx_hal_dma.c.obj
 .debug_ranges  0x00000000000002c0       0x48 CMakeFiles/intellikeeper_tag.elf.dir/Drivers/STM32F1xx_HAL_Driver/Src/stm32f1xx_hal_gpio.c.obj
 .debug_ranges  0x0000000000000308      0x2a0 CMakeFiles/intellikeeper_tag.elf.dir/Drivers/STM32F1xx_HAL_Driver/Src/stm32f1xx_hal_i2c.c.obj
 .debug_ranges  0x00000000000005a8       0x80 CMakeFiles/intellikeeper_tag.elf.dir/Drivers/STM32F1xx_HAL_Driver/Src/stm32f1xx_hal_rcc.c.obj
 .debug_ranges  0x0000000000000628      0x398 CMakeFiles/intellikeeper_tag.elf.dir/Drivers/STM32F1xx_HAL_Driver/Src/stm32f1xx_hal_tim.c.obj
 .debug_ranges  0x00000000000009c0      0x140 CMakeFiles/intellikeeper_tag.elf.dir/Drivers/STM32F1xx_HAL_Driver/Src/stm32f1xx_hal_tim_ex.c.obj
 .debug_ranges  0x0000000000000b00      0x1c0 CMakeFiles/intellikeeper_tag.elf.dir/Drivers/STM32F1xx_HAL_Driver/Src/stm32f1xx_hal_uart.c.obj
 .debug_ranges  0x0000000000000cc0       0xb0 CMakeFiles/intellikeeper_tag.elf.dir/Drivers/Zigbee/zigbee.c.obj
 .debug_ranges  0x0000000000000d70       0x10 CMakeFiles/intellikeeper_tag.elf.dir/Src/gpio.c.obj
 .debug_ranges  0x0000000000000d80       0x20 CMakeFiles/intellikeeper_tag.elf.dir/Src/i2c.c.obj
 .debug_ranges  0x0000000000000da0       0x20 CMakeFiles/intellikeeper_tag.elf.dir/Src/main.c.obj
 .debug_ranges  0x0000000000000dc0       0x10 CMakeFiles/intellikeeper_tag.elf.dir/Src/stm32f1xx_hal_msp.c.obj
 .debug_ranges  0x0000000000000dd0       0x60 CMakeFiles/intellikeeper_tag.elf.dir/Src/stm32f1xx_it.c.obj
 .debug_ranges  0x0000000000000e30       0x18 CMakeFiles/intellikeeper_tag.elf.dir/Src/system_stm32f1xx.c.obj
 .debug_ranges  0x0000000000000e48       0x28 CMakeFiles/intellikeeper_tag.elf.dir/Src/tim.c.obj
 .debug_ranges  0x0000000000000e70       0x20 CMakeFiles/intellikeeper_tag.elf.dir/Src/usart.c.obj
 .debug_ranges  0x0000000000000e90       0x20 CMakeFiles/intellikeeper_tag.elf.dir/startup/startup_stm32f103xb.s.obj

.debug_line     0x0000000000000000     0xd06a
 .debug_line    0x0000000000000000      0x5dc CMakeFiles/intellikeeper_tag.elf.dir/Drivers/MPU6050/move_detect.c.obj
 .debug_line    0x00000000000005dc      0x719 CMakeFiles/intellikeeper_tag.elf.dir/Drivers/MPU6050/sd_hal_mpu6050.c.obj
 .debug_line    0x0000000000000cf5      0x524 CMakeFiles/intellikeeper_tag.elf.dir/Drivers/STM32F1xx_HAL_Driver/Src/stm32f1xx_hal.c.obj
 .debug_line    0x0000000000001219      0x70a CMakeFiles/intellikeeper_tag.elf.dir/Drivers/STM32F1xx_HAL_Driver/Src/stm32f1xx_hal_cortex.c.obj
 .debug_line    0x0000000000001923      0x9a8 CMakeFiles/intellikeeper_tag.elf.dir/Drivers/STM32F1xx_HAL_Driver/Src/stm32f1xx_hal_dma.c.obj
 .debug_line    0x00000000000022cb      0x5dc CMakeFiles/intellikeeper_tag.elf.dir/Drivers/STM32F1xx_HAL_Driver/Src/stm32f1xx_hal_gpio.c.obj
 .debug_line    0x00000000000028a7     0x332f CMakeFiles/intellikeeper_tag.elf.dir/Drivers/STM32F1xx_HAL_Driver/Src/stm32f1xx_hal_i2c.c.obj
 .debug_line    0x0000000000005bd6      0x990 CMakeFiles/intellikeeper_tag.elf.dir/Drivers/STM32F1xx_HAL_Driver/Src/stm32f1xx_hal_rcc.c.obj
 .debug_line    0x0000000000006566     0x23b1 CMakeFiles/intellikeeper_tag.elf.dir/Drivers/STM32F1xx_HAL_Driver/Src/stm32f1xx_hal_tim.c.obj
 .debug_line    0x0000000000008917      0xd7a CMakeFiles/intellikeeper_tag.elf.dir/Drivers/STM32F1xx_HAL_Driver/Src/stm32f1xx_hal_tim_ex.c.obj
 .debug_line    0x0000000000009691     0x134c CMakeFiles/intellikeeper_tag.elf.dir/Drivers/STM32F1xx_HAL_Driver/Src/stm32f1xx_hal_uart.c.obj
 .debug_line    0x000000000000a9dd      0x88f CMakeFiles/intellikeeper_tag.elf.dir/Drivers/Zigbee/zigbee.c.obj
 .debug_line    0x000000000000b26c      0x289 CMakeFiles/intellikeeper_tag.elf.dir/Src/gpio.c.obj
 .debug_line    0x000000000000b4f5      0x33f CMakeFiles/intellikeeper_tag.elf.dir/Src/i2c.c.obj
 .debug_line    0x000000000000b834      0x265 CMakeFiles/intellikeeper_tag.elf.dir/Src/intellikeeper.c.obj
 .debug_line    0x000000000000ba99      0x511 CMakeFiles/intellikeeper_tag.elf.dir/Src/main.c.obj
 .debug_line    0x000000000000bfaa      0x25a CMakeFiles/intellikeeper_tag.elf.dir/Src/stm32f1xx_hal_msp.c.obj
 .debug_line    0x000000000000c204      0x3d7 CMakeFiles/intellikeeper_tag.elf.dir/Src/stm32f1xx_it.c.obj
 .debug_line    0x000000000000c5db      0x30d CMakeFiles/intellikeeper_tag.elf.dir/Src/system_stm32f1xx.c.obj
 .debug_line    0x000000000000c8e8      0x397 CMakeFiles/intellikeeper_tag.elf.dir/Src/tim.c.obj
 .debug_line    0x000000000000cc7f      0x34e CMakeFiles/intellikeeper_tag.elf.dir/Src/usart.c.obj
 .debug_line    0x000000000000cfcd       0x9d CMakeFiles/intellikeeper_tag.elf.dir/startup/startup_stm32f103xb.s.obj

.debug_str      0x0000000000000000     0x4d1b
 .debug_str     0x0000000000000000      0xd71 CMakeFiles/intellikeeper_tag.elf.dir/Drivers/MPU6050/move_detect.c.obj
                                        0xeaf (size before relaxing)
 .debug_str     0x0000000000000d71      0x31f CMakeFiles/intellikeeper_tag.elf.dir/Drivers/MPU6050/sd_hal_mpu6050.c.obj
                                        0xbe5 (size before relaxing)
 .debug_str     0x0000000000001090      0x5ac CMakeFiles/intellikeeper_tag.elf.dir/Drivers/STM32F1xx_HAL_Driver/Src/stm32f1xx_hal.c.obj
                                        0x86f (size before relaxing)
 .debug_str     0x000000000000163c      0x42a CMakeFiles/intellikeeper_tag.elf.dir/Drivers/STM32F1xx_HAL_Driver/Src/stm32f1xx_hal_cortex.c.obj
                                        0x9d6 (size before relaxing)
 .debug_str     0x0000000000001a66      0x25f CMakeFiles/intellikeeper_tag.elf.dir/Drivers/STM32F1xx_HAL_Driver/Src/stm32f1xx_hal_dma.c.obj
                                        0x718 (size before relaxing)
 .debug_str     0x0000000000001cc5      0x1d9 CMakeFiles/intellikeeper_tag.elf.dir/Drivers/STM32F1xx_HAL_Driver/Src/stm32f1xx_hal_gpio.c.obj
                                        0x527 (size before relaxing)
 .debug_str     0x0000000000001e9e      0x8bd CMakeFiles/intellikeeper_tag.elf.dir/Drivers/STM32F1xx_HAL_Driver/Src/stm32f1xx_hal_i2c.c.obj
                                       0x1036 (size before relaxing)
 .debug_str     0x000000000000275b      0x33f CMakeFiles/intellikeeper_tag.elf.dir/Drivers/STM32F1xx_HAL_Driver/Src/stm32f1xx_hal_rcc.c.obj
                                        0x6e2 (size before relaxing)
 .debug_str     0x0000000000002a9a      0xfdf CMakeFiles/intellikeeper_tag.elf.dir/Drivers/STM32F1xx_HAL_Driver/Src/stm32f1xx_hal_tim.c.obj
                                       0x1505 (size before relaxing)
 .debug_str     0x0000000000003a79      0x599 CMakeFiles/intellikeeper_tag.elf.dir/Drivers/STM32F1xx_HAL_Driver/Src/stm32f1xx_hal_tim_ex.c.obj
                                        0xd05 (size before relaxing)
 .debug_str     0x0000000000004012      0x6e0 CMakeFiles/intellikeeper_tag.elf.dir/Drivers/STM32F1xx_HAL_Driver/Src/stm32f1xx_hal_uart.c.obj
                                        0xc29 (size before relaxing)
 .debug_str     0x00000000000046f2      0x224 CMakeFiles/intellikeeper_tag.elf.dir/Drivers/Zigbee/zigbee.c.obj
                                        0xb06 (size before relaxing)
 .debug_str     0x0000000000004916       0x4b CMakeFiles/intellikeeper_tag.elf.dir/Src/gpio.c.obj
                                        0x37f (size before relaxing)
 .debug_str     0x0000000000004961       0x44 CMakeFiles/intellikeeper_tag.elf.dir/Src/i2c.c.obj
                                        0x81f (size before relaxing)
 .debug_str     0x00000000000049a5       0x37 CMakeFiles/intellikeeper_tag.elf.dir/Src/intellikeeper.c.obj
                                        0x2f1 (size before relaxing)
 .debug_str     0x00000000000049dc       0xc9 CMakeFiles/intellikeeper_tag.elf.dir/Src/main.c.obj
                                        0xd91 (size before relaxing)
 .debug_str     0x0000000000004aa5       0x3b CMakeFiles/intellikeeper_tag.elf.dir/Src/stm32f1xx_hal_msp.c.obj
                                        0x341 (size before relaxing)
 .debug_str     0x0000000000004ae0       0xe8 CMakeFiles/intellikeeper_tag.elf.dir/Src/stm32f1xx_it.c.obj
                                        0x960 (size before relaxing)
 .debug_str     0x0000000000004bc8       0x6d CMakeFiles/intellikeeper_tag.elf.dir/Src/system_stm32f1xx.c.obj
                                        0x396 (size before relaxing)
 .debug_str     0x0000000000004c35       0x49 CMakeFiles/intellikeeper_tag.elf.dir/Src/tim.c.obj
                                        0xb43 (size before relaxing)
 .debug_str     0x0000000000004c7e       0x4e CMakeFiles/intellikeeper_tag.elf.dir/Src/usart.c.obj
                                        0xa1e (size before relaxing)
 .debug_str     0x0000000000004ccc       0x4f CMakeFiles/intellikeeper_tag.elf.dir/startup/startup_stm32f103xb.s.obj
                                         0x84 (size before relaxing)

.comment        0x0000000000000000       0x79
 .comment       0x0000000000000000       0x79 CMakeFiles/intellikeeper_tag.elf.dir/Drivers/MPU6050/move_detect.c.obj
                                         0x7a (size before relaxing)
 .comment       0x0000000000000079       0x7a CMakeFiles/intellikeeper_tag.elf.dir/Drivers/MPU6050/sd_hal_mpu6050.c.obj
 .comment       0x0000000000000079       0x7a CMakeFiles/intellikeeper_tag.elf.dir/Drivers/STM32F1xx_HAL_Driver/Src/stm32f1xx_hal.c.obj
 .comment       0x0000000000000079       0x7a CMakeFiles/intellikeeper_tag.elf.dir/Drivers/STM32F1xx_HAL_Driver/Src/stm32f1xx_hal_cortex.c.obj
 .comment       0x0000000000000079       0x7a CMakeFiles/intellikeeper_tag.elf.dir/Drivers/STM32F1xx_HAL_Driver/Src/stm32f1xx_hal_dma.c.obj
 .comment       0x0000000000000079       0x7a CMakeFiles/intellikeeper_tag.elf.dir/Drivers/STM32F1xx_HAL_Driver/Src/stm32f1xx_hal_gpio.c.obj
 .comment       0x0000000000000079       0x7a CMakeFiles/intellikeeper_tag.elf.dir/Drivers/STM32F1xx_HAL_Driver/Src/stm32f1xx_hal_i2c.c.obj
 .comment       0x0000000000000079       0x7a CMakeFiles/intellikeeper_tag.elf.dir/Drivers/STM32F1xx_HAL_Driver/Src/stm32f1xx_hal_rcc.c.obj
 .comment       0x0000000000000079       0x7a CMakeFiles/intellikeeper_tag.elf.dir/Drivers/STM32F1xx_HAL_Driver/Src/stm32f1xx_hal_tim.c.obj
 .comment       0x0000000000000079       0x7a CMakeFiles/intellikeeper_tag.elf.dir/Drivers/STM32F1xx_HAL_Driver/Src/stm32f1xx_hal_tim_ex.c.obj
 .comment       0x0000000000000079       0x7a CMakeFiles/intellikeeper_tag.elf.dir/Drivers/STM32F1xx_HAL_Driver/Src/stm32f1xx_hal_uart.c.obj
 .comment       0x0000000000000079       0x7a CMakeFiles/intellikeeper_tag.elf.dir/Drivers/Zigbee/zigbee.c.obj
 .comment       0x0000000000000079       0x7a CMakeFiles/intellikeeper_tag.elf.dir/Src/gpio.c.obj
 .comment       0x0000000000000079       0x7a CMakeFiles/intellikeeper_tag.elf.dir/Src/i2c.c.obj
 .comment       0x0000000000000079       0x7a CMakeFiles/intellikeeper_tag.elf.dir/Src/intellikeeper.c.obj
 .comment       0x0000000000000079       0x7a CMakeFiles/intellikeeper_tag.elf.dir/Src/main.c.obj
 .comment       0x0000000000000079       0x7a CMakeFiles/intellikeeper_tag.elf.dir/Src/stm32f1xx_hal_msp.c.obj
 .comment       0x0000000000000079       0x7a CMakeFiles/intellikeeper_tag.elf.dir/Src/stm32f1xx_it.c.obj
 .comment       0x0000000000000079       0x7a CMakeFiles/intellikeeper_tag.elf.dir/Src/system_stm32f1xx.c.obj
 .comment       0x0000000000000079       0x7a CMakeFiles/intellikeeper_tag.elf.dir/Src/tim.c.obj
 .comment       0x0000000000000079       0x7a CMakeFiles/intellikeeper_tag.elf.dir/Src/usart.c.obj

.debug_frame    0x0000000000000000     0x4254
 .debug_frame   0x0000000000000000       0xe4 CMakeFiles/intellikeeper_tag.elf.dir/Drivers/MPU6050/move_detect.c.obj
 .debug_frame   0x00000000000000e4      0x1bc CMakeFiles/intellikeeper_tag.elf.dir/Drivers/MPU6050/sd_hal_mpu6050.c.obj
 .debug_frame   0x00000000000002a0      0x334 CMakeFiles/intellikeeper_tag.elf.dir/Drivers/STM32F1xx_HAL_Driver/Src/stm32f1xx_hal.c.obj
 .debug_frame   0x00000000000005d4      0x428 CMakeFiles/intellikeeper_tag.elf.dir/Drivers/STM32F1xx_HAL_Driver/Src/stm32f1xx_hal_cortex.c.obj
 .debug_frame   0x00000000000009fc      0x208 CMakeFiles/intellikeeper_tag.elf.dir/Drivers/STM32F1xx_HAL_Driver/Src/stm32f1xx_hal_dma.c.obj
 .debug_frame   0x0000000000000c04      0x14c CMakeFiles/intellikeeper_tag.elf.dir/Drivers/STM32F1xx_HAL_Driver/Src/stm32f1xx_hal_gpio.c.obj
 .debug_frame   0x0000000000000d50      0xc08 CMakeFiles/intellikeeper_tag.elf.dir/Drivers/STM32F1xx_HAL_Driver/Src/stm32f1xx_hal_i2c.c.obj
 .debug_frame   0x0000000000001958      0x21c CMakeFiles/intellikeeper_tag.elf.dir/Drivers/STM32F1xx_HAL_Driver/Src/stm32f1xx_hal_rcc.c.obj
 .debug_frame   0x0000000000001b74     0x10e8 CMakeFiles/intellikeeper_tag.elf.dir/Drivers/STM32F1xx_HAL_Driver/Src/stm32f1xx_hal_tim.c.obj
 .debug_frame   0x0000000000002c5c      0x5c0 CMakeFiles/intellikeeper_tag.elf.dir/Drivers/STM32F1xx_HAL_Driver/Src/stm32f1xx_hal_tim_ex.c.obj
 .debug_frame   0x000000000000321c      0x834 CMakeFiles/intellikeeper_tag.elf.dir/Drivers/STM32F1xx_HAL_Driver/Src/stm32f1xx_hal_uart.c.obj
 .debug_frame   0x0000000000003a50      0x1f4 CMakeFiles/intellikeeper_tag.elf.dir/Drivers/Zigbee/zigbee.c.obj
 .debug_frame   0x0000000000003c44       0x34 CMakeFiles/intellikeeper_tag.elf.dir/Src/gpio.c.obj
 .debug_frame   0x0000000000003c78       0x74 CMakeFiles/intellikeeper_tag.elf.dir/Src/i2c.c.obj
 .debug_frame   0x0000000000003cec       0x74 CMakeFiles/intellikeeper_tag.elf.dir/Src/main.c.obj
 .debug_frame   0x0000000000003d60       0x38 CMakeFiles/intellikeeper_tag.elf.dir/Src/stm32f1xx_hal_msp.c.obj
 .debug_frame   0x0000000000003d98      0x144 CMakeFiles/intellikeeper_tag.elf.dir/Src/stm32f1xx_it.c.obj
 .debug_frame   0x0000000000003edc       0x58 CMakeFiles/intellikeeper_tag.elf.dir/Src/system_stm32f1xx.c.obj
 .debug_frame   0x0000000000003f34       0xa0 CMakeFiles/intellikeeper_tag.elf.dir/Src/tim.c.obj
 .debug_frame   0x0000000000003fd4       0x74 CMakeFiles/intellikeeper_tag.elf.dir/Src/usart.c.obj
 .debug_frame   0x0000000000004048       0xac /Users/zeroisone/Downloads/gcc-arm-none-eabi-9-2019-q4-major/bin/../lib/gcc/arm-none-eabi/9.2.1/thumb/v7-m/nofp/libgcc.a(_arm_addsubdf3.o)
 .debug_frame   0x00000000000040f4       0x50 /Users/zeroisone/Downloads/gcc-arm-none-eabi-9-2019-q4-major/bin/../lib/gcc/arm-none-eabi/9.2.1/thumb/v7-m/nofp/libgcc.a(_arm_muldivdf3.o)
 .debug_frame   0x0000000000004144       0xc4 /Users/zeroisone/Downloads/gcc-arm-none-eabi-9-2019-q4-major/bin/../lib/gcc/arm-none-eabi/9.2.1/thumb/v7-m/nofp/libgcc.a(_arm_cmpdf2.o)
 .debug_frame   0x0000000000004208       0x2c /Users/zeroisone/Downloads/gcc-arm-none-eabi-9-2019-q4-major/bin/../lib/gcc/arm-none-eabi/9.2.1/../../../../arm-none-eabi/lib/thumb/v7-m/nofp/libg_nano.a(lib_a-init.o)
 .debug_frame   0x0000000000004234       0x20 /Users/zeroisone/Downloads/gcc-arm-none-eabi-9-2019-q4-major/bin/../lib/gcc/arm-none-eabi/9.2.1/../../../../arm-none-eabi/lib/thumb/v7-m/nofp/libg_nano.a(lib_a-memset.o)
